Archive member included to satisfy reference by file (symbol)

/opt/st/stm32cubeide_1.6.1/plugins/com.st.stm32cube.ide.mcu.externaltools.gnu-tools-for-stm32.9-2020-q2-update.linux64_1.5.0.202011040924/tools/bin/../lib/gcc/arm-none-eabi/9.3.1/../../../../arm-none-eabi/lib/thumb/v7-m/nofp/libc_nano.a(lib_a-errno.o)
                              Core/Src/syscalls.o (__errno)
/opt/st/stm32cubeide_1.6.1/plugins/com.st.stm32cube.ide.mcu.externaltools.gnu-tools-for-stm32.9-2020-q2-update.linux64_1.5.0.202011040924/tools/bin/../lib/gcc/arm-none-eabi/9.3.1/../../../../arm-none-eabi/lib/thumb/v7-m/nofp/libc_nano.a(lib_a-exit.o)
                              /opt/st/stm32cubeide_1.6.1/plugins/com.st.stm32cube.ide.mcu.externaltools.gnu-tools-for-stm32.9-2020-q2-update.linux64_1.5.0.202011040924/tools/bin/../lib/gcc/arm-none-eabi/9.3.1/../../../../arm-none-eabi/lib/thumb/v7-m/nofp/crt0.o (exit)
/opt/st/stm32cubeide_1.6.1/plugins/com.st.stm32cube.ide.mcu.externaltools.gnu-tools-for-stm32.9-2020-q2-update.linux64_1.5.0.202011040924/tools/bin/../lib/gcc/arm-none-eabi/9.3.1/../../../../arm-none-eabi/lib/thumb/v7-m/nofp/libc_nano.a(lib_a-impure.o)
                              /opt/st/stm32cubeide_1.6.1/plugins/com.st.stm32cube.ide.mcu.externaltools.gnu-tools-for-stm32.9-2020-q2-update.linux64_1.5.0.202011040924/tools/bin/../lib/gcc/arm-none-eabi/9.3.1/../../../../arm-none-eabi/lib/thumb/v7-m/nofp/libc_nano.a(lib_a-exit.o) (_global_impure_ptr)
/opt/st/stm32cubeide_1.6.1/plugins/com.st.stm32cube.ide.mcu.externaltools.gnu-tools-for-stm32.9-2020-q2-update.linux64_1.5.0.202011040924/tools/bin/../lib/gcc/arm-none-eabi/9.3.1/../../../../arm-none-eabi/lib/thumb/v7-m/nofp/libc_nano.a(lib_a-init.o)
                              /opt/st/stm32cubeide_1.6.1/plugins/com.st.stm32cube.ide.mcu.externaltools.gnu-tools-for-stm32.9-2020-q2-update.linux64_1.5.0.202011040924/tools/bin/../lib/gcc/arm-none-eabi/9.3.1/../../../../arm-none-eabi/lib/thumb/v7-m/nofp/crt0.o (__libc_init_array)
/opt/st/stm32cubeide_1.6.1/plugins/com.st.stm32cube.ide.mcu.externaltools.gnu-tools-for-stm32.9-2020-q2-update.linux64_1.5.0.202011040924/tools/bin/../lib/gcc/arm-none-eabi/9.3.1/../../../../arm-none-eabi/lib/thumb/v7-m/nofp/libc_nano.a(lib_a-memcpy-stub.o)
                              Core/Src/main.o (memcpy)
/opt/st/stm32cubeide_1.6.1/plugins/com.st.stm32cube.ide.mcu.externaltools.gnu-tools-for-stm32.9-2020-q2-update.linux64_1.5.0.202011040924/tools/bin/../lib/gcc/arm-none-eabi/9.3.1/../../../../arm-none-eabi/lib/thumb/v7-m/nofp/libc_nano.a(lib_a-memset.o)
                              /opt/st/stm32cubeide_1.6.1/plugins/com.st.stm32cube.ide.mcu.externaltools.gnu-tools-for-stm32.9-2020-q2-update.linux64_1.5.0.202011040924/tools/bin/../lib/gcc/arm-none-eabi/9.3.1/../../../../arm-none-eabi/lib/thumb/v7-m/nofp/crt0.o (memset)
/opt/st/stm32cubeide_1.6.1/plugins/com.st.stm32cube.ide.mcu.externaltools.gnu-tools-for-stm32.9-2020-q2-update.linux64_1.5.0.202011040924/tools/bin/../lib/gcc/arm-none-eabi/9.3.1/../../../../arm-none-eabi/lib/thumb/v7-m/nofp/libc_nano.a(lib_a-sprintf.o)
                              Core/Src/main.o (sprintf)
/opt/st/stm32cubeide_1.6.1/plugins/com.st.stm32cube.ide.mcu.externaltools.gnu-tools-for-stm32.9-2020-q2-update.linux64_1.5.0.202011040924/tools/bin/../lib/gcc/arm-none-eabi/9.3.1/../../../../arm-none-eabi/lib/thumb/v7-m/nofp/libc_nano.a(lib_a-strlen.o)
                              Core/Src/main.o (strlen)
/opt/st/stm32cubeide_1.6.1/plugins/com.st.stm32cube.ide.mcu.externaltools.gnu-tools-for-stm32.9-2020-q2-update.linux64_1.5.0.202011040924/tools/bin/../lib/gcc/arm-none-eabi/9.3.1/../../../../arm-none-eabi/lib/thumb/v7-m/nofp/libc_nano.a(lib_a-nano-svfprintf.o)
                              /opt/st/stm32cubeide_1.6.1/plugins/com.st.stm32cube.ide.mcu.externaltools.gnu-tools-for-stm32.9-2020-q2-update.linux64_1.5.0.202011040924/tools/bin/../lib/gcc/arm-none-eabi/9.3.1/../../../../arm-none-eabi/lib/thumb/v7-m/nofp/libc_nano.a(lib_a-sprintf.o) (_svfprintf_r)
/opt/st/stm32cubeide_1.6.1/plugins/com.st.stm32cube.ide.mcu.externaltools.gnu-tools-for-stm32.9-2020-q2-update.linux64_1.5.0.202011040924/tools/bin/../lib/gcc/arm-none-eabi/9.3.1/../../../../arm-none-eabi/lib/thumb/v7-m/nofp/libc_nano.a(lib_a-nano-vfprintf_i.o)
                              /opt/st/stm32cubeide_1.6.1/plugins/com.st.stm32cube.ide.mcu.externaltools.gnu-tools-for-stm32.9-2020-q2-update.linux64_1.5.0.202011040924/tools/bin/../lib/gcc/arm-none-eabi/9.3.1/../../../../arm-none-eabi/lib/thumb/v7-m/nofp/libc_nano.a(lib_a-nano-svfprintf.o) (_printf_i)
/opt/st/stm32cubeide_1.6.1/plugins/com.st.stm32cube.ide.mcu.externaltools.gnu-tools-for-stm32.9-2020-q2-update.linux64_1.5.0.202011040924/tools/bin/../lib/gcc/arm-none-eabi/9.3.1/../../../../arm-none-eabi/lib/thumb/v7-m/nofp/libc_nano.a(lib_a-memchr-stub.o)
[...]
Memory Configuration

Name             Origin             Length             Attributes
RAM              0x0000000020000000 0x0000000000010000 xrw
FLASH            0x0000000008000000 0x0000000000040000 xr
*default*        0x0000000000000000 0xffffffffffffffff

Linker script and memory map

LOAD /opt/st/stm32cubeide_1.6.1/plugins/com.st.stm32cube.ide.mcu.externaltools.gnu-tools-for-stm32.9-2020-q2-update.linux64_1.5.0.202011040924/tools/bin/../lib/gcc/arm-none-eabi/9.3.1/thumb/v7-m/nofp/crti.o
LOAD /opt/st/stm32cubeide_1.6.1/plugins/com.st.stm32cube.ide.mcu.externaltools.gnu-tools-for-stm32.9-2020-q2-update.linux64_1.5.0.202011040924/tools/bin/../lib/gcc/arm-none-eabi/9.3.1/thumb/v7-m/nofp/crtbegin.o
LOAD /opt/st/stm32cubeide_1.6.1/plugins/com.st.stm32cube.ide.mcu.externaltools.gnu-tools-for-stm32.9-2020-q2-update.linux64_1.5.0.202011040924/tools/bin/../lib/gcc/arm-none-eabi/9.3.1/../../../../arm-none-eabi/lib/thumb/v7-m/nofp/crt0.o
LOAD Core/Src/fatfs_sd.o
LOAD Core/Src/main.o
LOAD Core/Src/stm32f1xx_hal_msp.o
LOAD Core/Src/stm32f1xx_it.o
LOAD Core/Src/syscalls.o
LOAD Core/Src/sysmem.o
LOAD Core/Src/system_stm32f1xx.o
LOAD Core/Startup/startup_stm32f107vctx.o
LOAD Drivers/STM32F1xx_HAL_Driver/Src/stm32f1xx_hal.o
LOAD Drivers/STM32F1xx_HAL_Driver/Src/stm32f1xx_hal_cortex.o
LOAD Drivers/STM32F1xx_HAL_Driver/Src/stm32f1xx_hal_dma.o
LOAD Drivers/STM32F1xx_HAL_Driver/Src/stm32f1xx_hal_exti.o
LOAD Drivers/STM32F1xx_HAL_Driver/Src/stm32f1xx_hal_flash.o
LOAD Drivers/STM32F1xx_HAL_Driver/Src/stm32f1xx_hal_flash_ex.o
LOAD Drivers/STM32F1xx_HAL_Driver/Src/stm32f1xx_hal_gpio.o
LOAD Drivers/STM32F1xx_HAL_Driver/Src/stm32f1xx_hal_gpio_ex.o
LOAD Drivers/STM32F1xx_HAL_Driver/Src/stm32f1xx_hal_pwr.o
LOAD Drivers/STM32F1xx_HAL_Driver/Src/stm32f1xx_hal_rcc.o
LOAD Drivers/STM32F1xx_HAL_Driver/Src/stm32f1xx_hal_rcc_ex.o
LOAD Drivers/STM32F1xx_HAL_Driver/Src/stm32f1xx_hal_spi.o
LOAD Drivers/STM32F1xx_HAL_Driver/Src/stm32f1xx_hal_tim.o
LOAD Drivers/STM32F1xx_HAL_Driver/Src/stm32f1xx_hal_tim_ex.o
LOAD Drivers/STM32F1xx_HAL_Driver/Src/stm32f1xx_hal_uart.o
LOAD FATFS/App/fatfs.o
LOAD FATFS/Target/user_diskio.o
LOAD Middlewares/Third_Party/FatFs/src/diskio.o
LOAD Middlewares/Third_Party/FatFs/src/ff.o
LOAD Middlewares/Third_Party/FatFs/src/ff_gen_drv.o
LOAD Middlewares/Third_Party/FatFs/src/option/ccsbcs.o
LOAD Middlewares/Third_Party/FatFs/src/option/syscall.o
START GROUP
LOAD /opt/st/stm32cubeide_1.6.1/plugins/com.st.stm32cube.ide.mcu.externaltools.gnu-tools-for-stm32.9-2020-q2-update.linux64_1.5.0.202011040924/tools/bin/../lib/gcc/arm-none-eabi/9.3.1/../../../../arm-none-eabi/lib/thumb/v7-m/nofp/libc_nano.a
LOAD /opt/st/stm32cubeide_1.6.1/plugins/com.st.stm32cube.ide.mcu.externaltools.gnu-tools-for-stm32.9-2020-q2-update.linux64_1.5.0.202011040924/tools/bin/../lib/gcc/arm-none-eabi/9.3.1/../../../../arm-none-eabi/lib/thumb/v7-m/nofp/libm.a
END GROUP
START GROUP
LOAD /opt/st/stm32cubeide_1.6.1/plugins/com.st.stm32cube.ide.mcu.externaltools.gnu-tools-for-stm32.9-2020-q2-update.linux64_1.5.0.202011040924/tools/bin/../lib/gcc/arm-none-eabi/9.3.1/thumb/v7-m/nofp/libgcc.a
LOAD /opt/st/stm32cubeide_1.6.1/plugins/com.st.stm32cube.ide.mcu.externaltools.gnu-tools-for-stm32.9-2020-q2-update.linux64_1.5.0.202011040924/tools/bin/../lib/gcc/arm-none-eabi/9.3.1/../../../../arm-none-eabi/lib/thumb/v7-m/nofp/libc_nano.a
END GROUP
START GROUP
LOAD /opt/st/stm32cubeide_1.6.1/plugins/com.st.stm32cube.ide.mcu.externaltools.gnu-tools-for-stm32.9-2020-q2-update.linux64_1.5.0.202011040924/tools/bin/../lib/gcc/arm-none-eabi/9.3.1/thumb/v7-m/nofp/libgcc.a
LOAD /opt/st/stm32cubeide_1.6.1/plugins/com.st.stm32cube.ide.mcu.externaltools.gnu-tools-for-stm32.9-2020-q2-update.linux64_1.5.0.202011040924/tools/bin/../lib/gcc/arm-none-eabi/9.3.1/../../../../arm-none-eabi/lib/thumb/v7-m/nofp/libc_nano.a
LOAD /opt/st/stm32cubeide_1.6.1/plugins/com.st.stm32cube.ide.mcu.externaltools.gnu-tools-for-stm32.9-2020-q2-update.linux64_1.5.0.202011040924/tools/bin/../lib/gcc/arm-none-eabi/9.3.1/../../../../arm-none-eabi/lib/thumb/v7-m/nofp/libnosys.a
END GROUP
START GROUP
LOAD /opt/st/stm32cubeide_1.6.1/plugins/com.st.stm32cube.ide.mcu.externaltools.gnu-tools-for-stm32.9-2020-q2-update.linux64_1.5.0.202011040924/tools/bin/../lib/gcc/arm-none-eabi/9.3.1/thumb/v7-m/nofp/libgcc.a
LOAD /opt/st/stm32cubeide_1.6.1/plugins/com.st.stm32cube.ide.mcu.externaltools.gnu-tools-for-stm32.9-2020-q2-update.linux64_1.5.0.202011040924/tools/bin/../lib/gcc/arm-none-eabi/9.3.1/../../../../arm-none-eabi/lib/thumb/v7-m/nofp/libc_nano.a
LOAD /opt/st/stm32cubeide_1.6.1/plugins/com.st.stm32cube.ide.mcu.externaltools.gnu-tools-for-stm32.9-2020-q2-update.linux64_1.5.0.202011040924/tools/bin/../lib/gcc/arm-none-eabi/9.3.1/../../../../arm-none-eabi/lib/thumb/v7-m/nofp/libnosys.a
END GROUP
LOAD /opt/st/stm32cubeide_1.6.1/plugins/com.st.stm32cube.ide.mcu.externaltools.gnu-tools-for-stm32.9-2020-q2-update.linux64_1.5.0.202011040924/tools/bin/../lib/gcc/arm-none-eabi/9.3.1/thumb/v7-m/nofp/crtend.o
LOAD /opt/st/stm32cubeide_1.6.1/plugins/com.st.stm32cube.ide.mcu.externaltools.gnu-tools-for-stm32.9-2020-q2-update.linux64_1.5.0.202011040924/tools/bin/../lib/gcc/arm-none-eabi/9.3.1/thumb/v7-m/nofp/crtn.o
                0x0000000020010000                _estack = (ORIGIN (RAM) + LENGTH (RAM))
                0x0000000000000200                _Min_Heap_Size = 0x200
                0x0000000000000400                _Min_Stack_Size = 0x400

.isr_vector     0x0000000008000000      0x1e4
                0x0000000008000000                . = ALIGN (0x4)
 *(.isr_vector)
 .isr_vector    0x0000000008000000      0x1e4 Core/Startup/startup_stm32f107vctx.o
                0x0000000008000000                g_pfnVectors
                0x00000000080001e4                . = ALIGN (0x4)

.text           0x00000000080001e4     0x8ebc
                0x00000000080001e4                . = ALIGN (0x4)
 *(.text)
 .text          0x00000000080001e4       0x40 /opt/st/stm32cubeide_1.6.1/plugins/com.st.stm32cube.ide.mcu.externaltools.gnu-tools-for-stm32.9-2020-q2-update.linux64_1.5.0.202011040924/tools/bin/../lib/gcc/arm-none-eabi/9.3.1/thumb/v7-m/nofp/crtbegin.o
 .text          0x0000000008000224       0x10 /opt/st/stm32cubeide_1.6.1/plugins/com.st.stm32cube.ide.mcu.externaltools.gnu-tools-for-stm32.9-2020-q2-update.linux64_1.5.0.202011040924/tools/bin/../lib/gcc/arm-none-eabi/9.3.1/../../../../arm-none-eabi/lib/thumb/v7-m/nofp/libc_nano.a(lib_a-strlen.o)
                0x0000000008000224                strlen
 .text          0x0000000008000234      0x254 /opt/st/stm32cubeide_1.6.1/plugins/com.st.stm32cube.ide.mcu.externaltools.gnu-tools-for-stm32.9-2020-q2-update.linux64_1.5.0.202011040924/tools/bin/../lib/gcc/arm-none-eabi/9.3.1/thumb/v7-m/nofp/libgcc.a(_arm_muldf3.o)
                0x0000000008000234                __aeabi_dmul
                0x0000000008000234                __muldf3
 .text          0x0000000008000488      0x378 /opt/st/stm32cubeide_1.6.1/plugins/com.st.stm32cube.ide.mcu.externaltools.gnu-tools-for-stm32.9-2020-q2-update.linux64_1.5.0.202011040924/tools/bin/../lib/gcc/arm-none-eabi/9.3.1/thumb/v7-m/nofp/libgcc.a(_arm_addsubdf3.o)
                0x0000000008000488                __aeabi_drsub
                0x0000000008000490                __aeabi_dsub
                0x0000000008000490                __subdf3
                0x0000000008000494                __adddf3
                0x0000000008000494                __aeabi_dadd
                0x000000000800070c                __aeabi_ui2d
                0x000000000800070c                __floatunsidf
                0x000000000800072c                __floatsidf
                0x000000000800072c                __aeabi_i2d
                0x0000000008000750                __extendsfdf2
                0x0000000008000750                __aeabi_f2d
                0x0000000008000794                __aeabi_ul2d
                0x0000000008000794                __floatundidf
                0x00000000080007a4                __floatdidf
                0x00000000080007a4                __aeabi_l2d
 .text          0x0000000008000800       0x40 /opt/st/stm32cubeide_1.6.1/plugins/com.st.stm32cube.ide.mcu.externaltools.gnu-tools-for-stm32.9-2020-q2-update.linux64_1.5.0.202011040924/tools/bin/../lib/gcc/arm-none-eabi/9.3.1/thumb/v7-m/nofp/libgcc.a(_arm_fixunsdfsi.o)
                0x0000000008000800                __fixunsdfsi
                0x0000000008000800                __aeabi_d2uiz
 .text          0x0000000008000840       0x30 /opt/st/stm32cubeide_1.6.1/plugins/com.st.stm32cube.ide.mcu.externaltools.gnu-tools-for-stm32.9-2020-q2-update.linux64_1.5.0.202011040924/tools/bin/../lib/gcc/arm-none-eabi/9.3.1/thumb/v7-m/nofp/libgcc.a(_aeabi_uldivmod.o)
                0x0000000008000840                __aeabi_uldivmod
 .text          0x0000000008000870      0x2c4 /opt/st/stm32cubeide_1.6.1/plugins/com.st.stm32cube.ide.mcu.externaltools.gnu-tools-for-stm32.9-2020-q2-update.linux64_1.5.0.202011040924/tools/bin/../lib/gcc/arm-none-eabi/9.3.1/thumb/v7-m/nofp/libgcc.a(_udivmoddi4.o)
                0x0000000008000870                __udivmoddi4
 .text          0x0000000008000b34        0x4 /opt/st/stm32cubeide_1.6.1/plugins/com.st.stm32cube.ide.mcu.externaltools.gnu-tools-for-stm32.9-2020-q2-update.linux64_1.5.0.202011040924/tools/bin/../lib/gcc/arm-none-eabi/9.3.1/thumb/v7-m/nofp/libgcc.a(_dvmd_tls.o)
                0x0000000008000b34                __aeabi_ldiv0
                0x0000000008000b34                __aeabi_idiv0
 *(.text*)
 .text.SELECT   0x0000000008000b38       0x1c Core/Src/fatfs_sd.o
 .text.DESELECT
                0x0000000008000b54       0x1c Core/Src/fatfs_sd.o
 .text.SPI_TxByte
                0x0000000008000b70       0x34 Core/Src/fatfs_sd.o
 .text.SPI_TxBuffer
                0x0000000008000ba4       0x34 Core/Src/fatfs_sd.o
 .text.SPI_RxByte
                0x0000000008000bd8       0x38 Core/Src/fatfs_sd.o
 .text.SPI_RxBytePtr
                0x0000000008000c10       0x1c Core/Src/fatfs_sd.o
 .text.SD_ReadyWait
                0x0000000008000c2c       0x34 Core/Src/fatfs_sd.o
 .text.SD_PowerOn
                0x0000000008000c60       0x84 Core/Src/fatfs_sd.o
 .text.SD_PowerOff
                0x0000000008000ce4       0x18 Core/Src/fatfs_sd.o
 .text.SD_CheckPower
                0x0000000008000cfc       0x14 Core/Src/fatfs_sd.o
 .text.SD_RxDataBlock
                0x0000000008000d10       0x5c Core/Src/fatfs_sd.o
 .text.SD_TxDataBlock
                0x0000000008000d6c       0x86 Core/Src/fatfs_sd.o
 .text.SD_SendCmd
                0x0000000008000df2       0xa8 Core/Src/fatfs_sd.o
 *fill*         0x0000000008000e9a        0x2 
 .text.SD_disk_initialize
                0x0000000008000e9c      0x1cc Core/Src/fatfs_sd.o
                0x0000000008000e9c                SD_disk_initialize
 .text.SD_disk_status
                0x0000000008001068       0x28 Core/Src/fatfs_sd.o
                0x0000000008001068                SD_disk_status
 .text.SD_disk_read
                0x0000000008001090       0xd4 Core/Src/fatfs_sd.o
                0x0000000008001090                SD_disk_read
 .text.SD_disk_write
                0x0000000008001164      0x108 Core/Src/fatfs_sd.o
                0x0000000008001164                SD_disk_write
 .text.SD_disk_ioctl
                0x000000000800126c      0x258 Core/Src/fatfs_sd.o
                0x000000000800126c                SD_disk_ioctl
 .text.bufsize  0x00000000080014c4       0x2c Core/Src/main.o
                0x00000000080014c4                bufsize
 .text.clear_buffer
                0x00000000080014f0       0x34 Core/Src/main.o
                0x00000000080014f0                clear_buffer
 .text.send_uart
                0x0000000008001524       0x30 Core/Src/main.o
                0x0000000008001524                send_uart
 .text.main     0x0000000008001554      0x398 Core/Src/main.o
                0x0000000008001554                main
 .text.SystemClock_Config
                0x00000000080018ec       0xa8 Core/Src/main.o
                0x00000000080018ec                SystemClock_Config
 .text.MX_SPI1_Init
                0x0000000008001994       0x6c Core/Src/main.o
 .text.MX_USART1_UART_Init
                0x0000000008001a00       0x54 Core/Src/main.o
 .text.MX_GPIO_Init
                0x0000000008001a54       0x64 Core/Src/main.o
 .text.Error_Handler
                0x0000000008001ab8        0xa Core/Src/main.o
                0x0000000008001ab8                Error_Handler
 *fill*         0x0000000008001ac2        0x2 
 .text.HAL_MspInit
                0x0000000008001ac4       0x64 Core/Src/stm32f1xx_hal_msp.o
                0x0000000008001ac4                HAL_MspInit
 .text.HAL_SPI_MspInit
                0x0000000008001b28       0x94 Core/Src/stm32f1xx_hal_msp.o
                0x0000000008001b28                HAL_SPI_MspInit
 .text.HAL_UART_MspInit
                0x0000000008001bbc       0x98 Core/Src/stm32f1xx_hal_msp.o
                0x0000000008001bbc                HAL_UART_MspInit
 .text.NMI_Handler
                0x0000000008001c54        0x6 Core/Src/stm32f1xx_it.o
                0x0000000008001c54                NMI_Handler
 .text.HardFault_Handler
                0x0000000008001c5a        0x6 Core/Src/stm32f1xx_it.o
                0x0000000008001c5a                HardFault_Handler
 .text.MemManage_Handler
                0x0000000008001c60        0x6 Core/Src/stm32f1xx_it.o
                0x0000000008001c60                MemManage_Handler
 .text.BusFault_Handler
                0x0000000008001c66        0x6 Core/Src/stm32f1xx_it.o
                0x0000000008001c66                BusFault_Handler
 .text.UsageFault_Handler
                0x0000000008001c6c        0x6 Core/Src/stm32f1xx_it.o
                0x0000000008001c6c                UsageFault_Handler
 .text.SVC_Handler
                0x0000000008001c72        0xc Core/Src/stm32f1xx_it.o
                0x0000000008001c72                SVC_Handler
 .text.DebugMon_Handler
                0x0000000008001c7e        0xc Core/Src/stm32f1xx_it.o
                0x0000000008001c7e                DebugMon_Handler
 .text.PendSV_Handler
                0x0000000008001c8a        0xc Core/Src/stm32f1xx_it.o
                0x0000000008001c8a                PendSV_Handler
 *fill*         0x0000000008001c96        0x2 
 .text.SysTick_Handler
                0x0000000008001c98       0x3c Core/Src/stm32f1xx_it.o
                0x0000000008001c98                SysTick_Handler
 .text._sbrk    0x0000000008001cd4       0x6c Core/Src/sysmem.o
                0x0000000008001cd4                _sbrk
 .text.SystemInit
                0x0000000008001d40        0xc Core/Src/system_stm32f1xx.o
                0x0000000008001d40                SystemInit
 .text.Reset_Handler
                0x0000000008001d4c       0x48 Core/Startup/startup_stm32f107vctx.o
                0x0000000008001d4c                Reset_Handler
 .text.Default_Handler
                0x0000000008001d94        0x2 Core/Startup/startup_stm32f107vctx.o
                0x0000000008001d94                RTC_Alarm_IRQHandler
                0x0000000008001d94                EXTI2_IRQHandler
                0x0000000008001d94                TIM1_CC_IRQHandler
                0x0000000008001d94                TIM6_IRQHandler
                0x0000000008001d94                PVD_IRQHandler
                0x0000000008001d94                CAN2_RX1_IRQHandler
                0x0000000008001d94                EXTI3_IRQHandler
                0x0000000008001d94                EXTI0_IRQHandler
                0x0000000008001d94                I2C2_EV_IRQHandler
                0x0000000008001d94                CAN1_RX0_IRQHandler
                0x0000000008001d94                CAN2_SCE_IRQHandler
                0x0000000008001d94                ADC1_2_IRQHandler
                0x0000000008001d94                SPI1_IRQHandler
                0x0000000008001d94                TAMPER_IRQHandler
                0x0000000008001d94                CAN2_RX0_IRQHandler
                0x0000000008001d94                DMA2_Channel2_IRQHandler
                0x0000000008001d94                DMA1_Channel4_IRQHandler
                0x0000000008001d94                USART3_IRQHandler
                0x0000000008001d94                RTC_IRQHandler
                0x0000000008001d94                DMA1_Channel7_IRQHandler
                0x0000000008001d94                CAN1_RX1_IRQHandler
                0x0000000008001d94                UART5_IRQHandler
                0x0000000008001d94                TIM4_IRQHandler
                0x0000000008001d94                DMA2_Channel1_IRQHandler
                0x0000000008001d94                I2C1_EV_IRQHandler
                0x0000000008001d94                DMA1_Channel6_IRQHandler
                0x0000000008001d94                UART4_IRQHandler
                0x0000000008001d94                DMA2_Channel4_IRQHandler
                0x0000000008001d94                TIM3_IRQHandler
                0x0000000008001d94                RCC_IRQHandler
                0x0000000008001d94                TIM1_TRG_COM_IRQHandler
                0x0000000008001d94                DMA1_Channel1_IRQHandler
                0x0000000008001d94                Default_Handler
                0x0000000008001d94                EXTI15_10_IRQHandler
                0x0000000008001d94                TIM7_IRQHandler
                0x0000000008001d94                CAN2_TX_IRQHandler
                0x0000000008001d94                TIM5_IRQHandler
                0x0000000008001d94                EXTI9_5_IRQHandler
                0x0000000008001d94                ETH_WKUP_IRQHandler
                0x0000000008001d94                SPI2_IRQHandler
                0x0000000008001d94                CAN1_TX_IRQHandler
                0x0000000008001d94                DMA2_Channel5_IRQHandler
                0x0000000008001d94                DMA1_Channel5_IRQHandler
                0x0000000008001d94                EXTI4_IRQHandler
                0x0000000008001d94                DMA1_Channel3_IRQHandler
                0x0000000008001d94                ETH_IRQHandler
                0x0000000008001d94                TIM1_UP_IRQHandler
                0x0000000008001d94                WWDG_IRQHandler
                0x0000000008001d94                TIM2_IRQHandler
                0x0000000008001d94                OTG_FS_WKUP_IRQHandler
                0x0000000008001d94                TIM1_BRK_IRQHandler
                0x0000000008001d94                EXTI1_IRQHandler
                0x0000000008001d94                USART2_IRQHandler
                0x0000000008001d94                I2C2_ER_IRQHandler
                0x0000000008001d94                DMA1_Channel2_IRQHandler
                0x0000000008001d94                CAN1_SCE_IRQHandler
                0x0000000008001d94                FLASH_IRQHandler
                0x0000000008001d94                USART1_IRQHandler
                0x0000000008001d94                OTG_FS_IRQHandler
                0x0000000008001d94                SPI3_IRQHandler
                0x0000000008001d94                I2C1_ER_IRQHandler
                0x0000000008001d94                DMA2_Channel3_IRQHandler
 *fill*         0x0000000008001d96        0x2 
 .text.HAL_Init
                0x0000000008001d98       0x2c Drivers/STM32F1xx_HAL_Driver/Src/stm32f1xx_hal.o
                0x0000000008001d98                HAL_Init
 .text.HAL_InitTick
                0x0000000008001dc4       0x60 Drivers/STM32F1xx_HAL_Driver/Src/stm32f1xx_hal.o
                0x0000000008001dc4                HAL_InitTick
 .text.HAL_IncTick
                0x0000000008001e24       0x24 Drivers/STM32F1xx_HAL_Driver/Src/stm32f1xx_hal.o
                0x0000000008001e24                HAL_IncTick
 .text.HAL_GetTick
                0x0000000008001e48       0x14 Drivers/STM32F1xx_HAL_Driver/Src/stm32f1xx_hal.o
                0x0000000008001e48                HAL_GetTick
 .text.HAL_Delay
                0x0000000008001e5c       0x48 Drivers/STM32F1xx_HAL_Driver/Src/stm32f1xx_hal.o
                0x0000000008001e5c                HAL_Delay
 .text.__NVIC_SetPriorityGrouping
                0x0000000008001ea4       0x48 Drivers/STM32F1xx_HAL_Driver/Src/stm32f1xx_hal_cortex.o
 .text.__NVIC_GetPriorityGrouping
                0x0000000008001eec       0x1c Drivers/STM32F1xx_HAL_Driver/Src/stm32f1xx_hal_cortex.o
 .text.__NVIC_SetPriority
                0x0000000008001f08       0x54 Drivers/STM32F1xx_HAL_Driver/Src/stm32f1xx_hal_cortex.o
 .text.NVIC_EncodePriority
                0x0000000008001f5c       0x64 Drivers/STM32F1xx_HAL_Driver/Src/stm32f1xx_hal_cortex.o
 .text.SysTick_Config
                0x0000000008001fc0       0x44 Drivers/STM32F1xx_HAL_Driver/Src/stm32f1xx_hal_cortex.o
 .text.HAL_NVIC_SetPriorityGrouping
                0x0000000008002004       0x16 Drivers/STM32F1xx_HAL_Driver/Src/stm32f1xx_hal_cortex.o
                0x0000000008002004                HAL_NVIC_SetPriorityGrouping
 .text.HAL_NVIC_SetPriority
                0x000000000800201a       0x38 Drivers/STM32F1xx_HAL_Driver/Src/stm32f1xx_hal_cortex.o
                0x000000000800201a                HAL_NVIC_SetPriority
 .text.HAL_SYSTICK_Config
                0x0000000008002052       0x18 Drivers/STM32F1xx_HAL_Driver/Src/stm32f1xx_hal_cortex.o
                0x0000000008002052                HAL_SYSTICK_Config
 *fill*         0x000000000800206a        0x2 
 .text.HAL_GPIO_Init
                0x000000000800206c      0x308 Drivers/STM32F1xx_HAL_Driver/Src/stm32f1xx_hal_gpio.o
                0x000000000800206c                HAL_GPIO_Init
 .text.HAL_GPIO_WritePin
                0x0000000008002374       0x30 Drivers/STM32F1xx_HAL_Driver/Src/stm32f1xx_hal_gpio.o
                0x0000000008002374                HAL_GPIO_WritePin
 .text.HAL_RCC_OscConfig
                0x00000000080023a4      0x62c Drivers/STM32F1xx_HAL_Driver/Src/stm32f1xx_hal_rcc.o
                0x00000000080023a4                HAL_RCC_OscConfig
 .text.HAL_RCC_ClockConfig
                0x00000000080029d0      0x1d4 Drivers/STM32F1xx_HAL_Driver/Src/stm32f1xx_hal_rcc.o
                0x00000000080029d0                HAL_RCC_ClockConfig
 .text.HAL_RCC_GetSysClockFreq
                0x0000000008002ba4      0x178 Drivers/STM32F1xx_HAL_Driver/Src/stm32f1xx_hal_rcc.o
                0x0000000008002ba4                HAL_RCC_GetSysClockFreq
 .text.HAL_RCC_GetHCLKFreq
                0x0000000008002d1c       0x14 Drivers/STM32F1xx_HAL_Driver/Src/stm32f1xx_hal_rcc.o
                0x0000000008002d1c                HAL_RCC_GetHCLKFreq
 .text.HAL_RCC_GetPCLK1Freq
                0x0000000008002d30       0x28 Drivers/STM32F1xx_HAL_Driver/Src/stm32f1xx_hal_rcc.o
                0x0000000008002d30                HAL_RCC_GetPCLK1Freq
 .text.HAL_RCC_GetPCLK2Freq
                0x0000000008002d58       0x28 Drivers/STM32F1xx_HAL_Driver/Src/stm32f1xx_hal_rcc.o
                0x0000000008002d58                HAL_RCC_GetPCLK2Freq
 .text.RCC_Delay
                0x0000000008002d80       0x3c Drivers/STM32F1xx_HAL_Driver/Src/stm32f1xx_hal_rcc.o
 .text.HAL_SPI_Init
                0x0000000008002dbc      0x108 Drivers/STM32F1xx_HAL_Driver/Src/stm32f1xx_hal_spi.o
                0x0000000008002dbc                HAL_SPI_Init
 .text.HAL_SPI_Transmit
                0x0000000008002ec4      0x278 Drivers/STM32F1xx_HAL_Driver/Src/stm32f1xx_hal_spi.o
                0x0000000008002ec4                HAL_SPI_Transmit
 .text.HAL_SPI_TransmitReceive
                0x000000000800313c      0x344 Drivers/STM32F1xx_HAL_Driver/Src/stm32f1xx_hal_spi.o
                0x000000000800313c                HAL_SPI_TransmitReceive
 .text.SPI_WaitFlagStateUntilTimeout
                0x0000000008003480      0x110 Drivers/STM32F1xx_HAL_Driver/Src/stm32f1xx_hal_spi.o
 .text.SPI_EndRxTxTransaction
                0x0000000008003590       0x3c Drivers/STM32F1xx_HAL_Driver/Src/stm32f1xx_hal_spi.o
 .text.HAL_UART_Init
                0x00000000080035cc       0x9a Drivers/STM32F1xx_HAL_Driver/Src/stm32f1xx_hal_uart.o
                0x00000000080035cc                HAL_UART_Init
 .text.HAL_UART_Transmit
                0x0000000008003666      0x124 Drivers/STM32F1xx_HAL_Driver/Src/stm32f1xx_hal_uart.o
                0x0000000008003666                HAL_UART_Transmit
 .text.UART_WaitOnFlagUntilTimeout
                0x000000000800378a       0x94 Drivers/STM32F1xx_HAL_Driver/Src/stm32f1xx_hal_uart.o
 *fill*         0x000000000800381e        0x2 
 .text.UART_SetConfig
                0x0000000008003820      0x11c Drivers/STM32F1xx_HAL_Driver/Src/stm32f1xx_hal_uart.o
 .text.MX_FATFS_Init
                0x000000000800393c       0x24 FATFS/App/fatfs.o
                0x000000000800393c                MX_FATFS_Init
 .text.get_fattime
                0x0000000008003960        0xe FATFS/App/fatfs.o
                0x0000000008003960                get_fattime
 .text.USER_initialize
                0x000000000800396e       0x1c FATFS/Target/user_diskio.o
                0x000000000800396e                USER_initialize
 .text.USER_status
                0x000000000800398a       0x1c FATFS/Target/user_diskio.o
                0x000000000800398a                USER_status
 .text.USER_read
                0x00000000080039a6       0x26 FATFS/Target/user_diskio.o
                0x00000000080039a6                USER_read
 .text.USER_write
                0x00000000080039cc       0x26 FATFS/Target/user_diskio.o
                0x00000000080039cc                USER_write
 .text.USER_ioctl
                0x00000000080039f2       0x26 FATFS/Target/user_diskio.o
                0x00000000080039f2                USER_ioctl
 .text.disk_status
                0x0000000008003a18       0x34 Middlewares/Third_Party/FatFs/src/diskio.o
                0x0000000008003a18                disk_status
 .text.disk_initialize
                0x0000000008003a4c       0x4c Middlewares/Third_Party/FatFs/src/diskio.o
                0x0000000008003a4c                disk_initialize
 .text.disk_read
                0x0000000008003a98       0x40 Middlewares/Third_Party/FatFs/src/diskio.o
                0x0000000008003a98                disk_read
 .text.disk_write
                0x0000000008003ad8       0x40 Middlewares/Third_Party/FatFs/src/diskio.o
                0x0000000008003ad8                disk_write
 .text.disk_ioctl
                0x0000000008003b18       0x3c Middlewares/Third_Party/FatFs/src/diskio.o
                0x0000000008003b18                disk_ioctl
 .text.mem_cpy  0x0000000008003b54       0x3c Middlewares/Third_Party/FatFs/src/ff.o
 .text.mem_set  0x0000000008003b90       0x34 Middlewares/Third_Party/FatFs/src/ff.o
 .text.mem_cmp  0x0000000008003bc4       0x4c Middlewares/Third_Party/FatFs/src/ff.o
 .text.chk_chr  0x0000000008003c10       0x34 Middlewares/Third_Party/FatFs/src/ff.o
 .text.chk_lock
                0x0000000008003c44       0xe4 Middlewares/Third_Party/FatFs/src/ff.o
 .text.enq_lock
                0x0000000008003d28       0x48 Middlewares/Third_Party/FatFs/src/ff.o
 .text.inc_lock
                0x0000000008003d70      0x180 Middlewares/Third_Party/FatFs/src/ff.o
 .text.dec_lock
                0x0000000008003ef0       0x88 Middlewares/Third_Party/FatFs/src/ff.o
 .text.clear_lock
                0x0000000008003f78       0x54 Middlewares/Third_Party/FatFs/src/ff.o
 .text.sync_window
                0x0000000008003fcc       0xb4 Middlewares/Third_Party/FatFs/src/ff.o
 .text.move_window
                0x0000000008004080       0x68 Middlewares/Third_Party/FatFs/src/ff.o
 .text.sync_fs  0x00000000080040e8      0x19e Middlewares/Third_Party/FatFs/src/ff.o
 .text.clust2sect
                0x0000000008004286       0x4e Middlewares/Third_Party/FatFs/src/ff.o
                0x0000000008004286                clust2sect
 .text.get_fat  0x00000000080042d4      0x20a Middlewares/Third_Party/FatFs/src/ff.o
                0x00000000080042d4                get_fat
 .text.put_fat  0x00000000080044de      0x2c0 Middlewares/Third_Party/FatFs/src/ff.o
                0x00000000080044de                put_fat
 .text.remove_chain
                0x000000000800479e       0xd0 Middlewares/Third_Party/FatFs/src/ff.o
 .text.create_chain
                0x000000000800486e      0x162 Middlewares/Third_Party/FatFs/src/ff.o
 .text.clmt_clust
                0x00000000080049d0       0x86 Middlewares/Third_Party/FatFs/src/ff.o
 .text.dir_sdi  0x0000000008004a56      0x1b6 Middlewares/Third_Party/FatFs/src/ff.o
 .text.dir_next
                0x0000000008004c0c      0x2c4 Middlewares/Third_Party/FatFs/src/ff.o
 .text.dir_alloc
                0x0000000008004ed0       0xa2 Middlewares/Third_Party/FatFs/src/ff.o
 .text.ld_clust
                0x0000000008004f72       0x5c Middlewares/Third_Party/FatFs/src/ff.o
 .text.st_clust
                0x0000000008004fce       0x4c Middlewares/Third_Party/FatFs/src/ff.o
 *fill*         0x000000000800501a        0x2 
 .text.cmp_lfn  0x000000000800501c       0xdc Middlewares/Third_Party/FatFs/src/ff.o
 .text.pick_lfn
                0x00000000080050f8       0xc8 Middlewares/Third_Party/FatFs/src/ff.o
 .text.fit_lfn  0x00000000080051c0       0xe8 Middlewares/Third_Party/FatFs/src/ff.o
 .text.gen_numname
                0x00000000080052a8      0x120 Middlewares/Third_Party/FatFs/src/ff.o
 .text.sum_sfn  0x00000000080053c8       0x40 Middlewares/Third_Party/FatFs/src/ff.o
 .text.dir_find
                0x0000000008005408      0x1aa Middlewares/Third_Party/FatFs/src/ff.o
 .text.dir_read
                0x00000000080055b2      0x170 Middlewares/Third_Party/FatFs/src/ff.o
 *fill*         0x0000000008005722        0x2 
 .text.dir_register
                0x0000000008005724      0x260 Middlewares/Third_Party/FatFs/src/ff.o
 .text.dir_remove
                0x0000000008005984       0xde Middlewares/Third_Party/FatFs/src/ff.o
 *fill*         0x0000000008005a62        0x2 
 .text.create_name
                0x0000000008005a64      0x384 Middlewares/Third_Party/FatFs/src/ff.o
 .text.follow_path
                0x0000000008005de8       0xf2 Middlewares/Third_Party/FatFs/src/ff.o
 .text.get_ldnumber
                0x0000000008005eda       0x86 Middlewares/Third_Party/FatFs/src/ff.o
 .text.check_fs
                0x0000000008005f60       0xdc Middlewares/Third_Party/FatFs/src/ff.o
 .text.find_volume
                0x000000000800603c      0x6b8 Middlewares/Third_Party/FatFs/src/ff.o
 .text.validate
                0x00000000080066f4       0x7c Middlewares/Third_Party/FatFs/src/ff.o
 .text.f_mount  0x0000000008006770       0x94 Middlewares/Third_Party/FatFs/src/ff.o
                0x0000000008006770                f_mount
 .text.f_open   0x0000000008006804      0x674 Middlewares/Third_Party/FatFs/src/ff.o
                0x0000000008006804                f_open
 .text.f_read   0x0000000008006e78      0x42c Middlewares/Third_Party/FatFs/src/ff.o
                0x0000000008006e78                f_read
 .text.f_write  0x00000000080072a4      0x4e6 Middlewares/Third_Party/FatFs/src/ff.o
                0x00000000080072a4                f_write
 .text.f_sync   0x000000000800778a      0x1bc Middlewares/Third_Party/FatFs/src/ff.o
                0x000000000800778a                f_sync
 .text.f_close  0x0000000008007946       0x56 Middlewares/Third_Party/FatFs/src/ff.o
                0x0000000008007946                f_close
 .text.f_lseek  0x000000000800799c      0x668 Middlewares/Third_Party/FatFs/src/ff.o
                0x000000000800799c                f_lseek
 .text.f_getfree
                0x0000000008008004      0x1c4 Middlewares/Third_Party/FatFs/src/ff.o
                0x0000000008008004                f_getfree
 .text.f_unlink
                0x00000000080081c8      0x2fc Middlewares/Third_Party/FatFs/src/ff.o
                0x00000000080081c8                f_unlink
 .text.f_gets   0x00000000080084c4       0x7a Middlewares/Third_Party/FatFs/src/ff.o
                0x00000000080084c4                f_gets
 .text.putc_bfd
                0x000000000800853e       0x7a Middlewares/Third_Party/FatFs/src/ff.o
 .text.f_puts   0x00000000080085b8       0x72 Middlewares/Third_Party/FatFs/src/ff.o
                0x00000000080085b8                f_puts
 *fill*         0x000000000800862a        0x2 
 .text.FATFS_LinkDriverEx
                0x000000000800862c       0x94 Middlewares/Third_Party/FatFs/src/ff_gen_drv.o
                0x000000000800862c                FATFS_LinkDriverEx
 .text.FATFS_LinkDriver
                0x00000000080086c0       0x1e Middlewares/Third_Party/FatFs/src/ff_gen_drv.o
                0x00000000080086c0                FATFS_LinkDriver
 *fill*         0x00000000080086de        0x2 
 .text.ff_convert
                0x00000000080086e0       0x74 Middlewares/Third_Party/FatFs/src/option/ccsbcs.o
                0x00000000080086e0                ff_convert
 .text.ff_wtoupper
                0x0000000008008754       0x5c Middlewares/Third_Party/FatFs/src/option/ccsbcs.o
                0x0000000008008754                ff_wtoupper
 .text.__errno  0x00000000080087b0        0xc /opt/st/stm32cubeide_1.6.1/plugins/com.st.stm32cube.ide.mcu.externaltools.gnu-tools-for-stm32.9-2020-q2-update.linux64_1.5.0.202011040924/tools/bin/../lib/gcc/arm-none-eabi/9.3.1/../../../../arm-none-eabi/lib/thumb/v7-m/nofp/libc_nano.a(lib_a-errno.o)
                0x00000000080087b0                __errno
 .text.__libc_init_array
                0x00000000080087bc       0x48 /opt/st/stm32cubeide_1.6.1/plugins/com.st.stm32cube.ide.mcu.externaltools.gnu-tools-for-stm32.9-2020-q2-update.linux64_1.5.0.202011040924/tools/bin/../lib/gcc/arm-none-eabi/9.3.1/../../../../arm-none-eabi/lib/thumb/v7-m/nofp/libc_nano.a(lib_a-init.o)
                0x00000000080087bc                __libc_init_array
 .text.memcpy   0x0000000008008804       0x1c /opt/st/stm32cubeide_1.6.1/plugins/com.st.stm32cube.ide.mcu.externaltools.gnu-tools-for-stm32.9-2020-q2-update.linux64_1.5.0.202011040924/tools/bin/../lib/gcc/arm-none-eabi/9.3.1/../../../../arm-none-eabi/lib/thumb/v7-m/nofp/libc_nano.a(lib_a-memcpy-stub.o)
                0x0000000008008804                memcpy
 .text.memset   0x0000000008008820       0x10 /opt/st/stm32cubeide_1.6.1/plugins/com.st.stm32cube.ide.mcu.externaltools.gnu-tools-for-stm32.9-2020-q2-update.linux64_1.5.0.202011040924/tools/bin/../lib/gcc/arm-none-eabi/9.3.1/../../../../arm-none-eabi/lib/thumb/v7-m/nofp/libc_nano.a(lib_a-memset.o)
                0x0000000008008820                memset
 .text.sprintf  0x0000000008008830       0x40 /opt/st/stm32cubeide_1.6.1/plugins/com.st.stm32cube.ide.mcu.externaltools.gnu-tools-for-stm32.9-2020-q2-update.linux64_1.5.0.202011040924/tools/bin/../lib/gcc/arm-none-eabi/9.3.1/../../../../arm-none-eabi/lib/thumb/v7-m/nofp/libc_nano.a(lib_a-sprintf.o)
                0x0000000008008830                sprintf
                0x0000000008008830                siprintf
 .text.__ssputs_r
                0x0000000008008870       0xb6 /opt/st/stm32cubeide_1.6.1/plugins/com.st.stm32cube.ide.mcu.externaltools.gnu-tools-for-stm32.9-2020-q2-update.linux64_1.5.0.202011040924/tools/bin/../lib/gcc/arm-none-eabi/9.3.1/../../../../arm-none-eabi/lib/thumb/v7-m/nofp/libc_nano.a(lib_a-nano-svfprintf.o)
                0x0000000008008870                __ssputs_r
 *fill*         0x0000000008008926        0x2 
 .text._svfprintf_r
                0x0000000008008928      0x200 /opt/st/stm32cubeide_1.6.1/plugins/com.st.stm32cube.ide.mcu.externaltools.gnu-tools-for-stm32.9-2020-q2-update.linux64_1.5.0.202011040924/tools/bin/../lib/gcc/arm-none-eabi/9.3.1/../../../../arm-none-eabi/lib/thumb/v7-m/nofp/libc_nano.a(lib_a-nano-svfprintf.o)
                0x0000000008008928                _svfprintf_r
                0x0000000008008928                _svfiprintf_r
 .text._printf_common
                0x0000000008008b28       0xde /opt/st/stm32cubeide_1.6.1/plugins/com.st.stm32cube.ide.mcu.externaltools.gnu-tools-for-stm32.9-2020-q2-update.linux64_1.5.0.202011040924/tools/bin/../lib/gcc/arm-none-eabi/9.3.1/../../../../arm-none-eabi/lib/thumb/v7-m/nofp/libc_nano.a(lib_a-nano-vfprintf_i.o)
                0x0000000008008b28                _printf_common
 *fill*         0x0000000008008c06        0x2 
 .text._printf_i
                0x0000000008008c08      0x24c /opt/st/stm32cubeide_1.6.1/plugins/com.st.stm32cube.ide.mcu.externaltools.gnu-tools-for-stm32.9-2020-q2-update.linux64_1.5.0.202011040924/tools/bin/../lib/gcc/arm-none-eabi/9.3.1/../../../../arm-none-eabi/lib/thumb/v7-m/nofp/libc_nano.a(lib_a-nano-vfprintf_i.o)
                0x0000000008008c08                _printf_i
 .text.memchr   0x0000000008008e54       0x1c /opt/st/stm32cubeide_1.6.1/plugins/com.st.stm32cube.ide.mcu.externaltools.gnu-tools-for-stm32.9-2020-q2-update.linux64_1.5.0.202011040924/tools/bin/../lib/gcc/arm-none-eabi/9.3.1/../../../../arm-none-eabi/lib/thumb/v7-m/nofp/libc_nano.a(lib_a-memchr-stub.o)
                0x0000000008008e54                memchr
 .text.memmove  0x0000000008008e70       0x34 /opt/st/stm32cubeide_1.6.1/plugins/com.st.stm32cube.ide.mcu.externaltools.gnu-tools-for-stm32.9-2020-q2-update.linux64_1.5.0.202011040924/tools/bin/../lib/gcc/arm-none-eabi/9.3.1/../../../../arm-none-eabi/lib/thumb/v7-m/nofp/libc_nano.a(lib_a-memmove.o)
                0x0000000008008e70                memmove
 .text._free_r  0x0000000008008ea4       0x98 /opt/st/stm32cubeide_1.6.1/plugins/com.st.stm32cube.ide.mcu.externaltools.gnu-tools-for-stm32.9-2020-q2-update.linux64_1.5.0.202011040924/tools/bin/../lib/gcc/arm-none-eabi/9.3.1/../../../../arm-none-eabi/lib/thumb/v7-m/nofp/libc_nano.a(lib_a-nano-freer.o)
                0x0000000008008ea4                _free_r
 .text._malloc_r
                0x0000000008008f3c       0xb4 /opt/st/stm32cubeide_1.6.1/plugins/com.st.stm32cube.ide.mcu.externaltools.gnu-tools-for-stm32.9-2020-q2-update.linux64_1.5.0.202011040924/tools/bin/../lib/gcc/arm-none-eabi/9.3.1/../../../../arm-none-eabi/lib/thumb/v7-m/nofp/libc_nano.a(lib_a-nano-mallocr.o)
                0x0000000008008f3c                _malloc_r
 .text._realloc_r
                0x0000000008008ff0       0x4c /opt/st/stm32cubeide_1.6.1/plugins/com.st.stm32cube.ide.mcu.externaltools.gnu-tools-for-stm32.9-2020-q2-update.linux64_1.5.0.202011040924/tools/bin/../lib/gcc/arm-none-eabi/9.3.1/../../../../arm-none-eabi/lib/thumb/v7-m/nofp/libc_nano.a(lib_a-nano-reallocr.o)
                0x0000000008008ff0                _realloc_r
 .text._sbrk_r  0x000000000800903c       0x20 /opt/st/stm32cubeide_1.6.1/plugins/com.st.stm32cube.ide.mcu.externaltools.gnu-tools-for-stm32.9-2020-q2-update.linux64_1.5.0.202011040924/tools/bin/../lib/gcc/arm-none-eabi/9.3.1/../../../../arm-none-eabi/lib/thumb/v7-m/nofp/libc_nano.a(lib_a-sbrkr.o)
                0x000000000800903c                _sbrk_r
 .text.__malloc_lock
                0x000000000800905c        0xc /opt/st/stm32cubeide_1.6.1/plugins/com.st.stm32cube.ide.mcu.externaltools.gnu-tools-for-stm32.9-2020-q2-update.linux64_1.5.0.202011040924/tools/bin/../lib/gcc/arm-none-eabi/9.3.1/../../../../arm-none-eabi/lib/thumb/v7-m/nofp/libc_nano.a(lib_a-mlock.o)
                0x000000000800905c                __malloc_lock
 .text.__malloc_unlock
                0x0000000008009068        0xc /opt/st/stm32cubeide_1.6.1/plugins/com.st.stm32cube.ide.mcu.externaltools.gnu-tools-for-stm32.9-2020-q2-update.linux64_1.5.0.202011040924/tools/bin/../lib/gcc/arm-none-eabi/9.3.1/../../../../arm-none-eabi/lib/thumb/v7-m/nofp/libc_nano.a(lib_a-mlock.o)
                0x0000000008009068                __malloc_unlock
 .text._malloc_usable_size_r
                0x0000000008009074       0x10 /opt/st/stm32cubeide_1.6.1/plugins/com.st.stm32cube.ide.mcu.externaltools.gnu-tools-for-stm32.9-2020-q2-update.linux64_1.5.0.202011040924/tools/bin/../lib/gcc/arm-none-eabi/9.3.1/../../../../arm-none-eabi/lib/thumb/v7-m/nofp/libc_nano.a(lib_a-nano-msizer.o)
                0x0000000008009074                _malloc_usable_size_r
 .text.__retarget_lock_acquire_recursive
                0x0000000008009084        0x2 /opt/st/stm32cubeide_1.6.1/plugins/com.st.stm32cube.ide.mcu.externaltools.gnu-tools-for-stm32.9-2020-q2-update.linux64_1.5.0.202011040924/tools/bin/../lib/gcc/arm-none-eabi/9.3.1/../../../../arm-none-eabi/lib/thumb/v7-m/nofp/libc_nano.a(lib_a-lock.o)
                0x0000000008009084                __retarget_lock_acquire_recursive
 .text.__retarget_lock_release_recursive
                0x0000000008009086        0x2 /opt/st/stm32cubeide_1.6.1/plugins/com.st.stm32cube.ide.mcu.externaltools.gnu-tools-for-stm32.9-2020-q2-update.linux64_1.5.0.202011040924/tools/bin/../lib/gcc/arm-none-eabi/9.3.1/../../../../arm-none-eabi/lib/thumb/v7-m/nofp/libc_nano.a(lib_a-lock.o)
                0x0000000008009086                __retarget_lock_release_recursive
 *(.glue_7)
 .glue_7        0x0000000008009088        0x0 linker stubs
 *(.glue_7t)
 .glue_7t       0x0000000008009088        0x0 linker stubs
 *(.eh_frame)
 .eh_frame      0x0000000008009088        0x0 /opt/st/stm32cubeide_1.6.1/plugins/com.st.stm32cube.ide.mcu.externaltools.gnu-tools-for-stm32.9-2020-q2-update.linux64_1.5.0.202011040924/tools/bin/../lib/gcc/arm-none-eabi/9.3.1/thumb/v7-m/nofp/crtbegin.o
 *(.init)
 .init          0x0000000008009088        0x4 /opt/st/stm32cubeide_1.6.1/plugins/com.st.stm32cube.ide.mcu.externaltools.gnu-tools-for-stm32.9-2020-q2-update.linux64_1.5.0.202011040924/tools/bin/../lib/gcc/arm-none-eabi/9.3.1/thumb/v7-m/nofp/crti.o
                0x0000000008009088                _init
 .init          0x000000000800908c        0x8 /opt/st/stm32cubeide_1.6.1/plugins/com.st.stm32cube.ide.mcu.externaltools.gnu-tools-for-stm32.9-2020-q2-update.linux64_1.5.0.202011040924/tools/bin/../lib/gcc/arm-none-eabi/9.3.1/thumb/v7-m/nofp/crtn.o
 *(.fini)
 .fini          0x0000000008009094        0x4 /opt/st/stm32cubeide_1.6.1/plugins/com.st.stm32cube.ide.mcu.externaltools.gnu-tools-for-stm32.9-2020-q2-update.linux64_1.5.0.202011040924/tools/bin/../lib/gcc/arm-none-eabi/9.3.1/thumb/v7-m/nofp/crti.o
                0x0000000008009094                _fini
 .fini          0x0000000008009098        0x8 /opt/st/stm32cubeide_1.6.1/plugins/com.st.stm32cube.ide.mcu.externaltools.gnu-tools-for-stm32.9-2020-q2-update.linux64_1.5.0.202011040924/tools/bin/../lib/gcc/arm-none-eabi/9.3.1/thumb/v7-m/nofp/crtn.o
                0x00000000080090a0                . = ALIGN (0x4)
                0x00000000080090a0                _etext = .

.vfp11_veneer   0x00000000080090a0        0x0
 .vfp11_veneer  0x00000000080090a0        0x0 linker stubs

.v4_bx          0x00000000080090a0        0x0
 .v4_bx         0x00000000080090a0        0x0 linker stubs

.iplt           0x00000000080090a0        0x0
 .iplt          0x00000000080090a0        0x0 /opt/st/stm32cubeide_1.6.1/plugins/com.st.stm32cube.ide.mcu.externaltools.gnu-tools-for-stm32.9-2020-q2-update.linux64_1.5.0.202011040924/tools/bin/../lib/gcc/arm-none-eabi/9.3.1/thumb/v7-m/nofp/crtbegin.o

.rodata         0x00000000080090a0      0x910
                0x00000000080090a0                . = ALIGN (0x4)
 *(.rodata)
 .rodata        0x00000000080090a0      0x30b Core/Src/main.o
 *fill*         0x00000000080093ab        0x1 
 .rodata        0x00000000080093ac       0x20 Drivers/STM32F1xx_HAL_Driver/Src/stm32f1xx_hal_rcc.o
 .rodata        0x00000000080093cc       0x48 Middlewares/Third_Party/FatFs/src/ff.o
 *(.rodata*)
 .rodata.AHBPrescTable
                0x0000000008009414       0x10 Core/Src/system_stm32f1xx.o
                0x0000000008009414                AHBPrescTable
 .rodata.APBPrescTable
                0x0000000008009424        0x8 Core/Src/system_stm32f1xx.o
                0x0000000008009424                APBPrescTable
 .rodata.ExCvt  0x000000000800942c       0x80 Middlewares/Third_Party/FatFs/src/ff.o
 .rodata.LfnOfs
                0x00000000080094ac        0xd Middlewares/Third_Party/FatFs/src/ff.o
 *fill*         0x00000000080094b9        0x3 
 .rodata.Tbl    0x00000000080094bc      0x100 Middlewares/Third_Party/FatFs/src/option/ccsbcs.o
 .rodata.tbl_lower.6138
                0x00000000080095bc      0x1e0 Middlewares/Third_Party/FatFs/src/option/ccsbcs.o
 .rodata.tbl_upper.6139
                0x000000000800979c      0x1e0 Middlewares/Third_Party/FatFs/src/option/ccsbcs.o
 .rodata._svfprintf_r.str1.1
                0x000000000800997c       0x11 /opt/st/stm32cubeide_1.6.1/plugins/com.st.stm32cube.ide.mcu.externaltools.gnu-tools-for-stm32.9-2020-q2-update.linux64_1.5.0.202011040924/tools/bin/../lib/gcc/arm-none-eabi/9.3.1/../../../../arm-none-eabi/lib/thumb/v7-m/nofp/libc_nano.a(lib_a-nano-svfprintf.o)
 .rodata._printf_i.str1.1
                0x000000000800998d       0x22 /opt/st/stm32cubeide_1.6.1/plugins/com.st.stm32cube.ide.mcu.externaltools.gnu-tools-for-stm32.9-2020-q2-update.linux64_1.5.0.202011040924/tools/bin/../lib/gcc/arm-none-eabi/9.3.1/../../../../arm-none-eabi/lib/thumb/v7-m/nofp/libc_nano.a(lib_a-nano-vfprintf_i.o)
                0x00000000080099b0                . = ALIGN (0x4)
 *fill*         0x00000000080099af        0x1 

.ARM.extab      0x00000000080099b0        0x0
                0x00000000080099b0                . = ALIGN (0x4)
 *(.ARM.extab* .gnu.linkonce.armextab.*)
                0x00000000080099b0                . = ALIGN (0x4)

.ARM            0x00000000080099b0        0x8
                0x00000000080099b0                . = ALIGN (0x4)
                0x00000000080099b0                __exidx_start = .
 *(.ARM.exidx*)
 .ARM.exidx     0x00000000080099b0        0x8 /opt/st/stm32cubeide_1.6.1/plugins/com.st.stm32cube.ide.mcu.externaltools.gnu-tools-for-stm32.9-2020-q2-update.linux64_1.5.0.202011040924/tools/bin/../lib/gcc/arm-none-eabi/9.3.1/thumb/v7-m/nofp/libgcc.a(_udivmoddi4.o)
                0x00000000080099b8                __exidx_end = .
                0x00000000080099b8                . = ALIGN (0x4)

.rel.dyn        0x00000000080099b8        0x0
 .rel.iplt      0x00000000080099b8        0x0 /opt/st/stm32cubeide_1.6.1/plugins/com.st.stm32cube.ide.mcu.externaltools.gnu-tools-for-stm32.9-2020-q2-update.linux64_1.5.0.202011040924/tools/bin/../lib/gcc/arm-none-eabi/9.3.1/thumb/v7-m/nofp/crtbegin.o

.preinit_array  0x00000000080099b8        0x0
                0x00000000080099b8                . = ALIGN (0x4)
                0x00000000080099b8                PROVIDE (__preinit_array_start = .)
 *(.preinit_array*)
                0x00000000080099b8                PROVIDE (__preinit_array_end = .)
                0x00000000080099b8                . = ALIGN (0x4)

.init_array     0x00000000080099b8        0x4
                0x00000000080099b8                . = ALIGN (0x4)
                0x00000000080099b8                PROVIDE (__init_array_start = .)
 *(SORT_BY_NAME(.init_array.*))
 *(.init_array*)
 .init_array    0x00000000080099b8        0x4 /opt/st/stm32cubeide_1.6.1/plugins/com.st.stm32cube.ide.mcu.externaltools.gnu-tools-for-stm32.9-2020-q2-update.linux64_1.5.0.202011040924/tools/bin/../lib/gcc/arm-none-eabi/9.3.1/thumb/v7-m/nofp/crtbegin.o
                0x00000000080099bc                PROVIDE (__init_array_end = .)
                0x00000000080099bc                . = ALIGN (0x4)

.fini_array     0x00000000080099bc        0x4
                0x00000000080099bc                . = ALIGN (0x4)
                [!provide]                        PROVIDE (__fini_array_start = .)
 *(SORT_BY_NAME(.fini_array.*))
 *(.fini_array*)
 .fini_array    0x00000000080099bc        0x4 /opt/st/stm32cubeide_1.6.1/plugins/com.st.stm32cube.ide.mcu.externaltools.gnu-tools-for-stm32.9-2020-q2-update.linux64_1.5.0.202011040924/tools/bin/../lib/gcc/arm-none-eabi/9.3.1/thumb/v7-m/nofp/crtbegin.o
                [!provide]                        PROVIDE (__fini_array_end = .)
                0x00000000080099c0                . = ALIGN (0x4)
                0x00000000080099c0                _sidata = LOADADDR (.data)

.data           0x0000000020000000       0x88 load address 0x00000000080099c0
                0x0000000020000000                . = ALIGN (0x4)
                0x0000000020000000                _sdata = .
 *(.data)
 *(.data*)
 .data.Stat     0x0000000020000000        0x1 Core/Src/fatfs_sd.o
 *fill*         0x0000000020000001        0x3 
 .data.SystemCoreClock
                0x0000000020000004        0x4 Core/Src/system_stm32f1xx.o
                0x0000000020000004                SystemCoreClock
 .data.uwTickPrio
                0x0000000020000008        0x4 Drivers/STM32F1xx_HAL_Driver/Src/stm32f1xx_hal.o
                0x0000000020000008                uwTickPrio
 .data.uwTickFreq
                0x000000002000000c        0x1 Drivers/STM32F1xx_HAL_Driver/Src/stm32f1xx_hal.o
                0x000000002000000c                uwTickFreq
 *fill*         0x000000002000000d        0x3 
 .data.USER_Driver
                0x0000000020000010       0x14 FATFS/Target/user_diskio.o
                0x0000000020000010                USER_Driver
 .data._impure_ptr
                0x0000000020000024        0x4 /opt/st/stm32cubeide_1.6.1/plugins/com.st.stm32cube.ide.mcu.externaltools.gnu-tools-for-stm32.9-2020-q2-update.linux64_1.5.0.202011040924/tools/bin/../lib/gcc/arm-none-eabi/9.3.1/../../../../arm-none-eabi/lib/thumb/v7-m/nofp/libc_nano.a(lib_a-impure.o)
                0x0000000020000024                _impure_ptr
 .data.impure_data
                0x0000000020000028       0x60 /opt/st/stm32cubeide_1.6.1/plugins/com.st.stm32cube.ide.mcu.externaltools.gnu-tools-for-stm32.9-2020-q2-update.linux64_1.5.0.202011040924/tools/bin/../lib/gcc/arm-none-eabi/9.3.1/../../../../arm-none-eabi/lib/thumb/v7-m/nofp/libc_nano.a(lib_a-impure.o)
 *(.RamFunc)
 *(.RamFunc*)
                0x0000000020000088                . = ALIGN (0x4)
                0x0000000020000088                _edata = .

.igot.plt       0x0000000020000088        0x0 load address 0x0000000008009a48
 .igot.plt      0x0000000020000088        0x0 /opt/st/stm32cubeide_1.6.1/plugins/com.st.stm32cube.ide.mcu.externaltools.gnu-tools-for-stm32.9-2020-q2-update.linux64_1.5.0.202011040924/tools/bin/../lib/gcc/arm-none-eabi/9.3.1/thumb/v7-m/nofp/crtbegin.o
                0x0000000020000088                . = ALIGN (0x4)

.bss            0x0000000020000088     0x4488 load address 0x0000000008009a48
                0x0000000020000088                _sbss = .
                0x0000000020000088                __bss_start__ = _sbss
 *(.bss)
 .bss           0x0000000020000088       0x1c /opt/st/stm32cubeide_1.6.1/plugins/com.st.stm32cube.ide.mcu.externaltools.gnu-tools-for-stm32.9-2020-q2-update.linux64_1.5.0.202011040924/tools/bin/../lib/gcc/arm-none-eabi/9.3.1/thumb/v7-m/nofp/crtbegin.o
 *(.bss*)
 .bss.CardType  0x00000000200000a4        0x1 Core/Src/fatfs_sd.o
 .bss.PowerFlag
                0x00000000200000a5        0x1 Core/Src/fatfs_sd.o
 *fill*         0x00000000200000a6        0x2 
 .bss.__sbrk_heap_end
                0x00000000200000a8        0x4 Core/Src/sysmem.o
 .bss.FatFs     0x00000000200000ac        0x4 Middlewares/Third_Party/FatFs/src/ff.o
 .bss.Fsid      0x00000000200000b0        0x2 Middlewares/Third_Party/FatFs/src/ff.o
 *fill*         0x00000000200000b2        0x2 
 .bss.Files     0x00000000200000b4       0x18 Middlewares/Third_Party/FatFs/src/ff.o
 .bss.LfnBuf    0x00000000200000cc      0x200 Middlewares/Third_Party/FatFs/src/ff.o
 .bss.disk      0x00000000200002cc        0xc Middlewares/Third_Party/FatFs/src/ff_gen_drv.o
                0x00000000200002cc                disk
 .bss.__malloc_free_list
                0x00000000200002d8        0x4 /opt/st/stm32cubeide_1.6.1/plugins/com.st.stm32cube.ide.mcu.externaltools.gnu-tools-for-stm32.9-2020-q2-update.linux64_1.5.0.202011040924/tools/bin/../lib/gcc/arm-none-eabi/9.3.1/../../../../arm-none-eabi/lib/thumb/v7-m/nofp/libc_nano.a(lib_a-nano-mallocr.o)
                0x00000000200002d8                __malloc_free_list
 .bss.__malloc_sbrk_start
                0x00000000200002dc        0x4 /opt/st/stm32cubeide_1.6.1/plugins/com.st.stm32cube.ide.mcu.externaltools.gnu-tools-for-stm32.9-2020-q2-update.linux64_1.5.0.202011040924/tools/bin/../lib/gcc/arm-none-eabi/9.3.1/../../../../arm-none-eabi/lib/thumb/v7-m/nofp/libc_nano.a(lib_a-nano-mallocr.o)
                0x00000000200002dc                __malloc_sbrk_start
 *(COMMON)
 COMMON         0x00000000200002e0        0x4 Core/Src/fatfs_sd.o
                0x00000000200002e0                Timer2
                0x00000000200002e2                Timer1
 COMMON         0x00000000200002e4     0x21b4 Core/Src/main.o
                0x00000000200002e4                fre_clust
                0x00000000200002e8                fno
                0x0000000020000308                fs
                0x0000000020001338                br
                0x000000002000133c                free_space
                0x0000000020001340                huart1
                0x0000000020001384                buffer
                0x0000000020001404                bw
                0x0000000020001408                pfs
                0x000000002000140c                fresult
                0x0000000020001410                hspi1
                0x0000000020001468                total
                0x000000002000146c                fil
 COMMON         0x0000000020002498        0x4 Drivers/STM32F1xx_HAL_Driver/Src/stm32f1xx_hal.o
                0x0000000020002498                uwTick
 COMMON         0x000000002000249c     0x2064 FATFS/App/fatfs.o
                0x000000002000249c                USERPath
                0x00000000200024a0                retUSER
                0x00000000200024a4                USERFile
                0x00000000200034d0                USERFatFS
 COMMON         0x0000000020004500        0x4 /opt/st/stm32cubeide_1.6.1/plugins/com.st.stm32cube.ide.mcu.externaltools.gnu-tools-for-stm32.9-2020-q2-update.linux64_1.5.0.202011040924/tools/bin/../lib/gcc/arm-none-eabi/9.3.1/../../../../arm-none-eabi/lib/thumb/v7-m/nofp/libc_nano.a(lib_a-reent.o)
                0x0000000020004500                errno
 COMMON         0x0000000020004504        0x9 /opt/st/stm32cubeide_1.6.1/plugins/com.st.stm32cube.ide.mcu.externaltools.gnu-tools-for-stm32.9-2020-q2-update.linux64_1.5.0.202011040924/tools/bin/../lib/gcc/arm-none-eabi/9.3.1/../../../../arm-none-eabi/lib/thumb/v7-m/nofp/libc_nano.a(lib_a-lock.o)
                0x0000000020004504                __lock___atexit_recursive_mutex
                0x0000000020004505                __lock___arc4random_mutex
                0x0000000020004506                __lock___env_recursive_mutex
                0x0000000020004507                __lock___sinit_recursive_mutex
                0x0000000020004508                __lock___malloc_recursive_mutex
                0x0000000020004509                __lock___at_quick_exit_mutex
                0x000000002000450a                __lock___dd_hash_mutex
                0x000000002000450b                __lock___tz_mutex
                0x000000002000450c                __lock___sfp_recursive_mutex
                0x0000000020004510                . = ALIGN (0x4)
 *fill*         0x000000002000450d        0x3 
                0x0000000020004510                _ebss = .
                0x0000000020004510                __bss_end__ = _ebss

._user_heap_stack
                0x0000000020004510      0x600 load address 0x0000000008009a48
                0x0000000020004510                . = ALIGN (0x8)
                [!provide]                        PROVIDE (end = .)
                0x0000000020004510                PROVIDE (_end = .)
                0x0000000020004710                . = (. + _Min_Heap_Size)
 *fill*         0x0000000020004510      0x200 
                0x0000000020004b10                . = (. + _Min_Stack_Size)
 *fill*         0x0000000020004710      0x400 
                0x0000000020004b10                . = ALIGN (0x8)

/DISCARD/
 libc.a(*)
 libm.a(*)
 libgcc.a(*)

.ARM.attributes
                0x0000000000000000       0x29
 *(.ARM.attributes)
 .ARM.attributes
                0x0000000000000000       0x1d /opt/st/stm32cubeide_1.6.1/plugins/com.st.stm32cube.ide.mcu.externaltools.gnu-tools-for-stm32.9-2020-q2-update.linux64_1.5.0.202011040924/tools/bin/../lib/gcc/arm-none-eabi/9.3.1/thumb/v7-m/nofp/crti.o
 .ARM.attributes
                0x000000000000001d       0x2d /opt/st/stm32cubeide_1.6.1/plugins/com.st.stm32cube.ide.mcu.externaltools.gnu-tools-for-stm32.9-2020-q2-update.linux64_1.5.0.202011040924/tools/bin/../lib/gcc/arm-none-eabi/9.3.1/thumb/v7-m/nofp/crtbegin.o
 .ARM.attributes
                0x000000000000004a       0x2d Core/Src/fatfs_sd.o
 .ARM.attributes
                0x0000000000000077       0x2d Core/Src/main.o
 .ARM.attributes
                0x00000000000000a4       0x2d Core/Src/stm32f1xx_hal_msp.o
 .ARM.attributes
                0x00000000000000d1       0x2d Core/Src/stm32f1xx_it.o
 .ARM.attributes
                0x00000000000000fe       0x2d Core/Src/sysmem.o
 .ARM.attributes
                0x000000000000012b       0x2d Core/Src/system_stm32f1xx.o
 .ARM.attributes
                0x0000000000000158       0x21 Core/Startup/startup_stm32f107vctx.o
 .ARM.attributes
                0x0000000000000179       0x2d Drivers/STM32F1xx_HAL_Driver/Src/stm32f1xx_hal.o
 .ARM.attributes
                0x00000000000001a6       0x2d Drivers/STM32F1xx_HAL_Driver/Src/stm32f1xx_hal_cortex.o
 .ARM.attributes
                0x00000000000001d3       0x2d Drivers/STM32F1xx_HAL_Driver/Src/stm32f1xx_hal_gpio.o
 .ARM.attributes
                0x0000000000000200       0x2d Drivers/STM32F1xx_HAL_Driver/Src/stm32f1xx_hal_rcc.o
 .ARM.attributes
                0x000000000000022d       0x2d Drivers/STM32F1xx_HAL_Driver/Src/stm32f1xx_hal_spi.o
 .ARM.attributes
                0x000000000000025a       0x2d Drivers/STM32F1xx_HAL_Driver/Src/stm32f1xx_hal_uart.o
 .ARM.attributes
                0x0000000000000287       0x2d FATFS/App/fatfs.o
 .ARM.attributes
                0x00000000000002b4       0x2d FATFS/Target/user_diskio.o
 .ARM.attributes
                0x00000000000002e1       0x2d Middlewares/Third_Party/FatFs/src/diskio.o
 .ARM.attributes
                0x000000000000030e       0x2d Middlewares/Third_Party/FatFs/src/ff.o
 .ARM.attributes
                0x000000000000033b       0x2d Middlewares/Third_Party/FatFs/src/ff_gen_drv.o
 .ARM.attributes
                0x0000000000000368       0x2d Middlewares/Third_Party/FatFs/src/option/ccsbcs.o
 .ARM.attributes
                0x0000000000000395       0x2d /opt/st/stm32cubeide_1.6.1/plugins/com.st.stm32cube.ide.mcu.externaltools.gnu-tools-for-stm32.9-2020-q2-update.linux64_1.5.0.202011040924/tools/bin/../lib/gcc/arm-none-eabi/9.3.1/../../../../arm-none-eabi/lib/thumb/v7-m/nofp/libc_nano.a(lib_a-errno.o)
 .ARM.attributes
                0x00000000000003c2       0x2d /opt/st/stm32cubeide_1.6.1/plugins/com.st.stm32cube.ide.mcu.externaltools.gnu-tools-for-stm32.9-2020-q2-update.linux64_1.5.0.202011040924/tools/bin/../lib/gcc/arm-none-eabi/9.3.1/../../../../arm-none-eabi/lib/thumb/v7-m/nofp/libc_nano.a(lib_a-impure.o)
 .ARM.attributes
                0x00000000000003ef       0x2d /opt/st/stm32cubeide_1.6.1/plugins/com.st.stm32cube.ide.mcu.externaltools.gnu-tools-for-stm32.9-2020-q2-update.linux64_1.5.0.202011040924/tools/bin/../lib/gcc/arm-none-eabi/9.3.1/../../../../arm-none-eabi/lib/thumb/v7-m/nofp/libc_nano.a(lib_a-init.o)
 .ARM.attributes
                0x000000000000041c       0x2d /opt/st/stm32cubeide_1.6.1/plugins/com.st.stm32cube.ide.mcu.externaltools.gnu-tools-for-stm32.9-2020-q2-update.linux64_1.5.0.202011040924/tools/bin/../lib/gcc/arm-none-eabi/9.3.1/../../../../arm-none-eabi/lib/thumb/v7-m/nofp/libc_nano.a(lib_a-memcpy-stub.o)
 .ARM.attributes
                0x0000000000000449       0x2d /opt/st/stm32cubeide_1.6.1/plugins/com.st.stm32cube.ide.mcu.externaltools.gnu-tools-for-stm32.9-2020-q2-update.linux64_1.5.0.202011040924/tools/bin/../lib/gcc/arm-none-eabi/9.3.1/../../../../arm-none-eabi/lib/thumb/v7-m/nofp/libc_nano.a(lib_a-memset.o)
 .ARM.attributes
                0x0000000000000476       0x2d /opt/st/stm32cubeide_1.6.1/plugins/com.st.stm32cube.ide.mcu.externaltools.gnu-tools-for-stm32.9-2020-q2-update.linux64_1.5.0.202011040924/tools/bin/../lib/gcc/arm-none-eabi/9.3.1/../../../../arm-none-eabi/lib/thumb/v7-m/nofp/libc_nano.a(lib_a-sprintf.o)
 .ARM.attributes
                0x00000000000004a3       0x17 /opt/st/stm32cubeide_1.6.1/plugins/com.st.stm32cube.ide.mcu.externaltools.gnu-tools-for-stm32.9-2020-q2-update.linux64_1.5.0.202011040924/tools/bin/../lib/gcc/arm-none-eabi/9.3.1/../../../../arm-none-eabi/lib/thumb/v7-m/nofp/libc_nano.a(lib_a-strlen.o)
 .ARM.attributes
                0x00000000000004ba       0x2d /opt/st/stm32cubeide_1.6.1/plugins/com.st.stm32cube.ide.mcu.externaltools.gnu-tools-for-stm32.9-2020-q2-update.linux64_1.5.0.202011040924/tools/bin/../lib/gcc/arm-none-eabi/9.3.1/../../../../arm-none-eabi/lib/thumb/v7-m/nofp/libc_nano.a(lib_a-nano-svfprintf.o)
 .ARM.attributes
                0x00000000000004e7       0x2d /opt/st/stm32cubeide_1.6.1/plugins/com.st.stm32cube.ide.mcu.externaltools.gnu-tools-for-stm32.9-2020-q2-update.linux64_1.5.0.202011040924/tools/bin/../lib/gcc/arm-none-eabi/9.3.1/../../../../arm-none-eabi/lib/thumb/v7-m/nofp/libc_nano.a(lib_a-nano-vfprintf_i.o)
 .ARM.attributes
                0x0000000000000514       0x2d /opt/st/stm32cubeide_1.6.1/plugins/com.st.stm32cube.ide.mcu.externaltools.gnu-tools-for-stm32.9-2020-q2-update.linux64_1.5.0.202011040924/tools/bin/../lib/gcc/arm-none-eabi/9.3.1/../../../../arm-none-eabi/lib/thumb/v7-m/nofp/libc_nano.a(lib_a-memchr-stub.o)
 .ARM.attributes
                0x0000000000000541       0x2d /opt/st/stm32cubeide_1.6.1/plugins/com.st.stm32cube.ide.mcu.externaltools.gnu-tools-for-stm32.9-2020-q2-update.linux64_1.5.0.202011040924/tools/bin/../lib/gcc/arm-none-eabi/9.3.1/../../../../arm-none-eabi/lib/thumb/v7-m/nofp/libc_nano.a(lib_a-memmove.o)
 .ARM.attributes
                0x000000000000056e       0x2d /opt/st/stm32cubeide_1.6.1/plugins/com.st.stm32cube.ide.mcu.externaltools.gnu-tools-for-stm32.9-2020-q2-update.linux64_1.5.0.202011040924/tools/bin/../lib/gcc/arm-none-eabi/9.3.1/../../../../arm-none-eabi/lib/thumb/v7-m/nofp/libc_nano.a(lib_a-nano-freer.o)
 .ARM.attributes
                0x000000000000059b       0x2d /opt/st/stm32cubeide_1.6.1/plugins/com.st.stm32cube.ide.mcu.externaltools.gnu-tools-for-stm32.9-2020-q2-update.linux64_1.5.0.202011040924/tools/bin/../lib/gcc/arm-none-eabi/9.3.1/../../../../arm-none-eabi/lib/thumb/v7-m/nofp/libc_nano.a(lib_a-nano-mallocr.o)
 .ARM.attributes
                0x00000000000005c8       0x2d /opt/st/stm32cubeide_1.6.1/plugins/com.st.stm32cube.ide.mcu.externaltools.gnu-tools-for-stm32.9-2020-q2-update.linux64_1.5.0.202011040924/tools/bin/../lib/gcc/arm-none-eabi/9.3.1/../../../../arm-none-eabi/lib/thumb/v7-m/nofp/libc_nano.a(lib_a-nano-reallocr.o)
 .ARM.attributes
                0x00000000000005f5       0x2d /opt/st/stm32cubeide_1.6.1/plugins/com.st.stm32cube.ide.mcu.externaltools.gnu-tools-for-stm32.9-2020-q2-update.linux64_1.5.0.202011040924/tools/bin/../lib/gcc/arm-none-eabi/9.3.1/../../../../arm-none-eabi/lib/thumb/v7-m/nofp/libc_nano.a(lib_a-sbrkr.o)
 .ARM.attributes
                0x0000000000000622       0x2d /opt/st/stm32cubeide_1.6.1/plugins/com.st.stm32cube.ide.mcu.externaltools.gnu-tools-for-stm32.9-2020-q2-update.linux64_1.5.0.202011040924/tools/bin/../lib/gcc/arm-none-eabi/9.3.1/../../../../arm-none-eabi/lib/thumb/v7-m/nofp/libc_nano.a(lib_a-mlock.o)
 .ARM.attributes
                0x000000000000064f       0x2d /opt/st/stm32cubeide_1.6.1/plugins/com.st.stm32cube.ide.mcu.externaltools.gnu-tools-for-stm32.9-2020-q2-update.linux64_1.5.0.202011040924/tools/bin/../lib/gcc/arm-none-eabi/9.3.1/../../../../arm-none-eabi/lib/thumb/v7-m/nofp/libc_nano.a(lib_a-nano-msizer.o)
 .ARM.attributes
                0x000000000000067c       0x2d /opt/st/stm32cubeide_1.6.1/plugins/com.st.stm32cube.ide.mcu.externaltools.gnu-tools-for-stm32.9-2020-q2-update.linux64_1.5.0.202011040924/tools/bin/../lib/gcc/arm-none-eabi/9.3.1/../../../../arm-none-eabi/lib/thumb/v7-m/nofp/libc_nano.a(lib_a-reent.o)
 .ARM.attributes
                0x00000000000006a9       0x2d /opt/st/stm32cubeide_1.6.1/plugins/com.st.stm32cube.ide.mcu.externaltools.gnu-tools-for-stm32.9-2020-q2-update.linux64_1.5.0.202011040924/tools/bin/../lib/gcc/arm-none-eabi/9.3.1/../../../../arm-none-eabi/lib/thumb/v7-m/nofp/libc_nano.a(lib_a-lock.o)
 .ARM.attributes
                0x00000000000006d6       0x1d /opt/st/stm32cubeide_1.6.1/plugins/com.st.stm32cube.ide.mcu.externaltools.gnu-tools-for-stm32.9-2020-q2-update.linux64_1.5.0.202011040924/tools/bin/../lib/gcc/arm-none-eabi/9.3.1/thumb/v7-m/nofp/libgcc.a(_arm_muldf3.o)
 .ARM.attributes
                0x00000000000006f3       0x1d /opt/st/stm32cubeide_1.6.1/plugins/com.st.stm32cube.ide.mcu.externaltools.gnu-tools-for-stm32.9-2020-q2-update.linux64_1.5.0.202011040924/tools/bin/../lib/gcc/arm-none-eabi/9.3.1/thumb/v7-m/nofp/libgcc.a(_arm_addsubdf3.o)
 .ARM.attributes
                0x0000000000000710       0x1d /opt/st/stm32cubeide_1.6.1/plugins/com.st.stm32cube.ide.mcu.externaltools.gnu-tools-for-stm32.9-2020-q2-update.linux64_1.5.0.202011040924/tools/bin/../lib/gcc/arm-none-eabi/9.3.1/thumb/v7-m/nofp/libgcc.a(_arm_fixunsdfsi.o)
 .ARM.attributes
                0x000000000000072d       0x1d /opt/st/stm32cubeide_1.6.1/plugins/com.st.stm32cube.ide.mcu.externaltools.gnu-tools-for-stm32.9-2020-q2-update.linux64_1.5.0.202011040924/tools/bin/../lib/gcc/arm-none-eabi/9.3.1/thumb/v7-m/nofp/libgcc.a(_aeabi_uldivmod.o)
 .ARM.attributes
                0x000000000000074a       0x2d /opt/st/stm32cubeide_1.6.1/plugins/com.st.stm32cube.ide.mcu.externaltools.gnu-tools-for-stm32.9-2020-q2-update.linux64_1.5.0.202011040924/tools/bin/../lib/gcc/arm-none-eabi/9.3.1/thumb/v7-m/nofp/libgcc.a(_udivmoddi4.o)
 .ARM.attributes
                0x0000000000000777       0x1d /opt/st/stm32cubeide_1.6.1/plugins/com.st.stm32cube.ide.mcu.externaltools.gnu-tools-for-stm32.9-2020-q2-update.linux64_1.5.0.202011040924/tools/bin/../lib/gcc/arm-none-eabi/9.3.1/thumb/v7-m/nofp/libgcc.a(_dvmd_tls.o)
 .ARM.attributes
                0x0000000000000794       0x1d /opt/st/stm32cubeide_1.6.1/plugins/com.st.stm32cube.ide.mcu.externaltools.gnu-tools-for-stm32.9-2020-q2-update.linux64_1.5.0.202011040924/tools/bin/../lib/gcc/arm-none-eabi/9.3.1/thumb/v7-m/nofp/crtn.o
OUTPUT(stm32f1-spi-sdcard.elf elf32-littlearm)
LOAD linker stubs
LOAD /opt/st/stm32cubeide_1.6.1/plugins/com.st.stm32cube.ide.mcu.externaltools.gnu-tools-for-stm32.9-2020-q2-update.linux64_1.5.0.202011040924/tools/bin/../lib/gcc/arm-none-eabi/9.3.1/../../../../arm-none-eabi/lib/thumb/v7-m/nofp/libc.a
LOAD /opt/st/stm32cubeide_1.6.1/plugins/com.st.stm32cube.ide.mcu.externaltools.gnu-tools-for-stm32.9-2020-q2-update.linux64_1.5.0.202011040924/tools/bin/../lib/gcc/arm-none-eabi/9.3.1/../../../../arm-none-eabi/lib/thumb/v7-m/nofp/libm.a
LOAD /opt/st/stm32cubeide_1.6.1/plugins/com.st.stm32cube.ide.mcu.externaltools.gnu-tools-for-stm32.9-2020-q2-update.linux64_1.5.0.202011040924/tools/bin/../lib/gcc/arm-none-eabi/9.3.1/thumb/v7-m/nofp/libgcc.a

.debug_info     0x0000000000000000     0xe0f4
 .debug_info    0x0000000000000000      0xc62 Core/Src/fatfs_sd.o
 .debug_info    0x0000000000000c62     0x1c60 Core/Src/main.o
 .debug_info    0x00000000000028c2      0xc0d Core/Src/stm32f1xx_hal_msp.o
 .debug_info    0x00000000000034cf      0x252 Core/Src/stm32f1xx_it.o
 .debug_info    0x0000000000003721      0xa25 Core/Src/sysmem.o
 .debug_info    0x0000000000004146      0x2fb Core/Src/system_stm32f1xx.o
 .debug_info    0x0000000000004441       0x22 Core/Startup/startup_stm32f107vctx.o
 .debug_info    0x0000000000004463      0x7f2 Drivers/STM32F1xx_HAL_Driver/Src/stm32f1xx_hal.o
 .debug_info    0x0000000000004c55      0xc48 Drivers/STM32F1xx_HAL_Driver/Src/stm32f1xx_hal_cortex.o
 .debug_info    0x000000000000589d      0x71d Drivers/STM32F1xx_HAL_Driver/Src/stm32f1xx_hal_gpio.o
 .debug_info    0x0000000000005fba      0x93c Drivers/STM32F1xx_HAL_Driver/Src/stm32f1xx_hal_rcc.o
 .debug_info    0x00000000000068f6     0x16cd Drivers/STM32F1xx_HAL_Driver/Src/stm32f1xx_hal_spi.o
 .debug_info    0x0000000000007fc3     0x161a Drivers/STM32F1xx_HAL_Driver/Src/stm32f1xx_hal_uart.o
 .debug_info    0x00000000000095dd      0x5f7 FATFS/App/fatfs.o
 .debug_info    0x0000000000009bd4     0x11be FATFS/Target/user_diskio.o
 .debug_info    0x000000000000ad92      0x4fe Middlewares/Third_Party/FatFs/src/diskio.o
 .debug_info    0x000000000000b290     0x2749 Middlewares/Third_Party/FatFs/src/ff.o
 .debug_info    0x000000000000d9d9      0x495 Middlewares/Third_Party/FatFs/src/ff_gen_drv.o
 .debug_info    0x000000000000de6e      0x286 Middlewares/Third_Party/FatFs/src/option/ccsbcs.o

.debug_abbrev   0x0000000000000000     0x2515
 .debug_abbrev  0x0000000000000000      0x2be Core/Src/fatfs_sd.o
 .debug_abbrev  0x00000000000002be      0x3b1 Core/Src/main.o
 .debug_abbrev  0x000000000000066f      0x1ac Core/Src/stm32f1xx_hal_msp.o
 .debug_abbrev  0x000000000000081b       0xd2 Core/Src/stm32f1xx_it.o
 .debug_abbrev  0x00000000000008ed      0x1bf Core/Src/sysmem.o
 .debug_abbrev  0x0000000000000aac      0x145 Core/Src/system_stm32f1xx.o
 .debug_abbrev  0x0000000000000bf1       0x12 Core/Startup/startup_stm32f107vctx.o
 .debug_abbrev  0x0000000000000c03      0x1ed Drivers/STM32F1xx_HAL_Driver/Src/stm32f1xx_hal.o
 .debug_abbrev  0x0000000000000df0      0x313 Drivers/STM32F1xx_HAL_Driver/Src/stm32f1xx_hal_cortex.o
 .debug_abbrev  0x0000000000001103      0x1e8 Drivers/STM32F1xx_HAL_Driver/Src/stm32f1xx_hal_gpio.o
 .debug_abbrev  0x00000000000012eb      0x255 Drivers/STM32F1xx_HAL_Driver/Src/stm32f1xx_hal_rcc.o
 .debug_abbrev  0x0000000000001540      0x26e Drivers/STM32F1xx_HAL_Driver/Src/stm32f1xx_hal_spi.o
 .debug_abbrev  0x00000000000017ae      0x28b Drivers/STM32F1xx_HAL_Driver/Src/stm32f1xx_hal_uart.o
 .debug_abbrev  0x0000000000001a39      0x19d FATFS/App/fatfs.o
 .debug_abbrev  0x0000000000001bd6      0x22c FATFS/Target/user_diskio.o
 .debug_abbrev  0x0000000000001e02      0x18b Middlewares/Third_Party/FatFs/src/diskio.o
 .debug_abbrev  0x0000000000001f8d      0x2b0 Middlewares/Third_Party/FatFs/src/ff.o
 .debug_abbrev  0x000000000000223d      0x1bc Middlewares/Third_Party/FatFs/src/ff_gen_drv.o
 .debug_abbrev  0x00000000000023f9      0x11c Middlewares/Third_Party/FatFs/src/option/ccsbcs.o

.debug_aranges  0x0000000000000000      0xbe0
 .debug_aranges
                0x0000000000000000       0xa8 Core/Src/fatfs_sd.o
 .debug_aranges
                0x00000000000000a8       0x68 Core/Src/main.o
 .debug_aranges
                0x0000000000000110       0x40 Core/Src/stm32f1xx_hal_msp.o
 .debug_aranges
                0x0000000000000150       0x60 Core/Src/stm32f1xx_it.o
 .debug_aranges
                0x00000000000001b0       0x20 Core/Src/sysmem.o
 .debug_aranges
                0x00000000000001d0       0x28 Core/Src/system_stm32f1xx.o
 .debug_aranges
                0x00000000000001f8       0x28 Core/Startup/startup_stm32f107vctx.o
 .debug_aranges
                0x0000000000000220       0xe0 Drivers/STM32F1xx_HAL_Driver/Src/stm32f1xx_hal.o
 .debug_aranges
                0x0000000000000300      0x100 Drivers/STM32F1xx_HAL_Driver/Src/stm32f1xx_hal_cortex.o
 .debug_aranges
                0x0000000000000400       0x58 Drivers/STM32F1xx_HAL_Driver/Src/stm32f1xx_hal_gpio.o
 .debug_aranges
                0x0000000000000458       0x90 Drivers/STM32F1xx_HAL_Driver/Src/stm32f1xx_hal_rcc.o
 .debug_aranges
                0x00000000000004e8      0x1d0 Drivers/STM32F1xx_HAL_Driver/Src/stm32f1xx_hal_spi.o
 .debug_aranges
                0x00000000000006b8      0x200 Drivers/STM32F1xx_HAL_Driver/Src/stm32f1xx_hal_uart.o
 .debug_aranges
                0x00000000000008b8       0x28 FATFS/App/fatfs.o
 .debug_aranges
                0x00000000000008e0       0x40 FATFS/Target/user_diskio.o
 .debug_aranges
                0x0000000000000920       0x48 Middlewares/Third_Party/FatFs/src/diskio.o
 .debug_aranges
                0x0000000000000968      0x210 Middlewares/Third_Party/FatFs/src/ff.o
 .debug_aranges
                0x0000000000000b78       0x40 Middlewares/Third_Party/FatFs/src/ff_gen_drv.o
 .debug_aranges
                0x0000000000000bb8       0x28 Middlewares/Third_Party/FatFs/src/option/ccsbcs.o

.debug_ranges   0x0000000000000000      0xae8
 .debug_ranges  0x0000000000000000       0x98 Core/Src/fatfs_sd.o
 .debug_ranges  0x0000000000000098       0x58 Core/Src/main.o
 .debug_ranges  0x00000000000000f0       0x30 Core/Src/stm32f1xx_hal_msp.o
 .debug_ranges  0x0000000000000120       0x50 Core/Src/stm32f1xx_it.o
 .debug_ranges  0x0000000000000170       0x10 Core/Src/sysmem.o
 .debug_ranges  0x0000000000000180       0x18 Core/Src/system_stm32f1xx.o
 .debug_ranges  0x0000000000000198       0x20 Core/Startup/startup_stm32f107vctx.o
 .debug_ranges  0x00000000000001b8       0xd0 Drivers/STM32F1xx_HAL_Driver/Src/stm32f1xx_hal.o
 .debug_ranges  0x0000000000000288       0xf0 Drivers/STM32F1xx_HAL_Driver/Src/stm32f1xx_hal_cortex.o
 .debug_ranges  0x0000000000000378       0x48 Drivers/STM32F1xx_HAL_Driver/Src/stm32f1xx_hal_gpio.o
 .debug_ranges  0x00000000000003c0       0x80 Drivers/STM32F1xx_HAL_Driver/Src/stm32f1xx_hal_rcc.o
 .debug_ranges  0x0000000000000440      0x1c0 Drivers/STM32F1xx_HAL_Driver/Src/stm32f1xx_hal_spi.o
 .debug_ranges  0x0000000000000600      0x220 Drivers/STM32F1xx_HAL_Driver/Src/stm32f1xx_hal_uart.o
 .debug_ranges  0x0000000000000820       0x18 FATFS/App/fatfs.o
 .debug_ranges  0x0000000000000838       0x30 FATFS/Target/user_diskio.o
 .debug_ranges  0x0000000000000868       0x38 Middlewares/Third_Party/FatFs/src/diskio.o
 .debug_ranges  0x00000000000008a0      0x200 Middlewares/Third_Party/FatFs/src/ff.o
 .debug_ranges  0x0000000000000aa0       0x30 Middlewares/Third_Party/FatFs/src/ff_gen_drv.o
 .debug_ranges  0x0000000000000ad0       0x18 Middlewares/Third_Party/FatFs/src/option/ccsbcs.o

.debug_macro    0x0000000000000000    0x20831
 .debug_macro   0x0000000000000000      0x1cb Core/Src/fatfs_sd.o
 .debug_macro   0x00000000000001cb      0xa9c Core/Src/fatfs_sd.o
 .debug_macro   0x0000000000000c67      0x21b Core/Src/fatfs_sd.o
 .debug_macro   0x0000000000000e82       0x2e Core/Src/fatfs_sd.o
 .debug_macro   0x0000000000000eb0       0x22 Core/Src/fatfs_sd.o
 .debug_macro   0x0000000000000ed2       0x22 Core/Src/fatfs_sd.o
 .debug_macro   0x0000000000000ef4       0x8e Core/Src/fatfs_sd.o
 .debug_macro   0x0000000000000f82       0x51 Core/Src/fatfs_sd.o
 .debug_macro   0x0000000000000fd3      0x103 Core/Src/fatfs_sd.o
 .debug_macro   0x00000000000010d6       0x6a Core/Src/fatfs_sd.o
 .debug_macro   0x0000000000001140      0x1df Core/Src/fatfs_sd.o
 .debug_macro   0x000000000000131f       0x1c Core/Src/fatfs_sd.o
 .debug_macro   0x000000000000133b       0x22 Core/Src/fatfs_sd.o
 .debug_macro   0x000000000000135d       0xc3 Core/Src/fatfs_sd.o
 .debug_macro   0x0000000000001420      0xd23 Core/Src/fatfs_sd.o
 .debug_macro   0x0000000000002143    0x15c59 Core/Src/fatfs_sd.o
 .debug_macro   0x0000000000017d9c       0x6d Core/Src/fatfs_sd.o
 .debug_macro   0x0000000000017e09     0x3468 Core/Src/fatfs_sd.o
 .debug_macro   0x000000000001b271      0x174 Core/Src/fatfs_sd.o
 .debug_macro   0x000000000001b3e5       0x5c Core/Src/fatfs_sd.o
 .debug_macro   0x000000000001b441      0x5be Core/Src/fatfs_sd.o
 .debug_macro   0x000000000001b9ff      0x6b4 Core/Src/fatfs_sd.o
 .debug_macro   0x000000000001c0b3      0x1cb Core/Src/fatfs_sd.o
 .debug_macro   0x000000000001c27e      0x114 Core/Src/fatfs_sd.o
 .debug_macro   0x000000000001c392      0x214 Core/Src/fatfs_sd.o
 .debug_macro   0x000000000001c5a6       0x27 Core/Src/fatfs_sd.o
 .debug_macro   0x000000000001c5cd      0x13c Core/Src/fatfs_sd.o
 .debug_macro   0x000000000001c709      0x1bc Core/Src/fatfs_sd.o
 .debug_macro   0x000000000001c8c5       0x30 Core/Src/fatfs_sd.o
 .debug_macro   0x000000000001c8f5       0x3c Core/Src/fatfs_sd.o
 .debug_macro   0x000000000001c931       0x57 Core/Src/fatfs_sd.o
 .debug_macro   0x000000000001c988       0x88 Core/Src/fatfs_sd.o
 .debug_macro   0x000000000001ca10      0x24f Core/Src/fatfs_sd.o
 .debug_macro   0x000000000001cc5f      0x141 Core/Src/fatfs_sd.o
 .debug_macro   0x000000000001cda0      0x217 Core/Src/fatfs_sd.o
 .debug_macro   0x000000000001cfb7      0x279 Core/Src/fatfs_sd.o
 .debug_macro   0x000000000001d230       0xdf Core/Src/fatfs_sd.o
 .debug_macro   0x000000000001d30f       0x16 Core/Src/fatfs_sd.o
 .debug_macro   0x000000000001d325       0x7c Core/Src/fatfs_sd.o
 .debug_macro   0x000000000001d3a1       0x9a Core/Src/fatfs_sd.o
 .debug_macro   0x000000000001d43b      0x398 Core/Src/main.o
 .debug_macro   0x000000000001d7d3       0x10 Core/Src/main.o
 .debug_macro   0x000000000001d7e3       0xde Core/Src/main.o
 .debug_macro   0x000000000001d8c1       0xf5 Core/Src/main.o
 .debug_macro   0x000000000001d9b6       0x8e Core/Src/main.o
 .debug_macro   0x000000000001da44       0x52 Core/Src/main.o
 .debug_macro   0x000000000001da96       0x18 Core/Src/main.o
 .debug_macro   0x000000000001daae       0x3c Core/Src/main.o
 .debug_macro   0x000000000001daea       0x34 Core/Src/main.o
 .debug_macro   0x000000000001db1e       0x16 Core/Src/main.o
 .debug_macro   0x000000000001db34       0x43 Core/Src/main.o
 .debug_macro   0x000000000001db77       0x34 Core/Src/main.o
 .debug_macro   0x000000000001dbab       0x10 Core/Src/main.o
 .debug_macro   0x000000000001dbbb       0x58 Core/Src/main.o
 .debug_macro   0x000000000001dc13       0x71 Core/Src/main.o
 .debug_macro   0x000000000001dc84       0x1c Core/Src/main.o
 .debug_macro   0x000000000001dca0      0x12a Core/Src/main.o
 .debug_macro   0x000000000001ddca      0x333 Core/Src/main.o
 .debug_macro   0x000000000001e0fd       0x10 Core/Src/main.o
 .debug_macro   0x000000000001e10d       0x35 Core/Src/main.o
 .debug_macro   0x000000000001e142       0x20 Core/Src/main.o
 .debug_macro   0x000000000001e162       0x1c Core/Src/main.o
 .debug_macro   0x000000000001e17e       0x10 Core/Src/main.o
 .debug_macro   0x000000000001e18e       0x10 Core/Src/main.o
 .debug_macro   0x000000000001e19e       0x1c Core/Src/main.o
 .debug_macro   0x000000000001e1ba       0x52 Core/Src/main.o
 .debug_macro   0x000000000001e20c       0x22 Core/Src/main.o
 .debug_macro   0x000000000001e22e       0x10 Core/Src/main.o
 .debug_macro   0x000000000001e23e       0x40 Core/Src/main.o
 .debug_macro   0x000000000001e27e       0xd5 Core/Src/main.o
 .debug_macro   0x000000000001e353       0x1c Core/Src/main.o
 .debug_macro   0x000000000001e36f       0x3d Core/Src/main.o
 .debug_macro   0x000000000001e3ac       0x16 Core/Src/main.o
 .debug_macro   0x000000000001e3c2      0x145 Core/Src/main.o
 .debug_macro   0x000000000001e507      0x1a7 Core/Src/stm32f1xx_hal_msp.o
 .debug_macro   0x000000000001e6ae      0x1b1 Core/Src/stm32f1xx_it.o
 .debug_macro   0x000000000001e85f       0xff Core/Src/sysmem.o
 .debug_macro   0x000000000001e95e      0x23b Core/Src/sysmem.o
 .debug_macro   0x000000000001eb99      0x198 Core/Src/system_stm32f1xx.o
 .debug_macro   0x000000000001ed31      0x1bc Drivers/STM32F1xx_HAL_Driver/Src/stm32f1xx_hal.o
 .debug_macro   0x000000000001eeed      0x198 Drivers/STM32F1xx_HAL_Driver/Src/stm32f1xx_hal_cortex.o
 .debug_macro   0x000000000001f085      0x203 Drivers/STM32F1xx_HAL_Driver/Src/stm32f1xx_hal_gpio.o
 .debug_macro   0x000000000001f288      0x1aa Drivers/STM32F1xx_HAL_Driver/Src/stm32f1xx_hal_rcc.o
 .debug_macro   0x000000000001f432      0x1a0 Drivers/STM32F1xx_HAL_Driver/Src/stm32f1xx_hal_spi.o
 .debug_macro   0x000000000001f5d2      0x199 Drivers/STM32F1xx_HAL_Driver/Src/stm32f1xx_hal_uart.o
 .debug_macro   0x000000000001f76b      0x1fa FATFS/App/fatfs.o
 .debug_macro   0x000000000001f965       0xd8 FATFS/App/fatfs.o
 .debug_macro   0x000000000001fa3d      0x2b8 FATFS/Target/user_diskio.o
 .debug_macro   0x000000000001fcf5       0xbd FATFS/Target/user_diskio.o
 .debug_macro   0x000000000001fdb2       0x56 FATFS/Target/user_diskio.o
 .debug_macro   0x000000000001fe08      0x1e7 Middlewares/Third_Party/FatFs/src/diskio.o
 .debug_macro   0x000000000001ffef      0x42e Middlewares/Third_Party/FatFs/src/ff.o
 .debug_macro   0x000000000002041d       0x58 Middlewares/Third_Party/FatFs/src/ff.o
 .debug_macro   0x0000000000020475      0x1e7 Middlewares/Third_Party/FatFs/src/ff_gen_drv.o
 .debug_macro   0x000000000002065c      0x1d5 Middlewares/Third_Party/FatFs/src/option/ccsbcs.o

.debug_line     0x0000000000000000     0xf040
 .debug_line    0x0000000000000000      0xd53 Core/Src/fatfs_sd.o
 .debug_line    0x0000000000000d53      0xbda Core/Src/main.o
 .debug_line    0x000000000000192d      0x6e6 Core/Src/stm32f1xx_hal_msp.o
 .debug_line    0x0000000000002013      0x713 Core/Src/stm32f1xx_it.o
 .debug_line    0x0000000000002726      0x4cb Core/Src/sysmem.o
 .debug_line    0x0000000000002bf1      0x6f4 Core/Src/system_stm32f1xx.o
 .debug_line    0x00000000000032e5       0x87 Core/Startup/startup_stm32f107vctx.o
 .debug_line    0x000000000000336c      0x8ec Drivers/STM32F1xx_HAL_Driver/Src/stm32f1xx_hal.o
 .debug_line    0x0000000000003c58      0xad2 Drivers/STM32F1xx_HAL_Driver/Src/stm32f1xx_hal_cortex.o
 .debug_line    0x000000000000472a      0x981 Drivers/STM32F1xx_HAL_Driver/Src/stm32f1xx_hal_gpio.o
 .debug_line    0x00000000000050ab      0xe30 Drivers/STM32F1xx_HAL_Driver/Src/stm32f1xx_hal_rcc.o
 .debug_line    0x0000000000005edb     0x1b6f Drivers/STM32F1xx_HAL_Driver/Src/stm32f1xx_hal_spi.o
 .debug_line    0x0000000000007a4a     0x19c5 Drivers/STM32F1xx_HAL_Driver/Src/stm32f1xx_hal_uart.o
 .debug_line    0x000000000000940f      0x6da FATFS/App/fatfs.o
 .debug_line    0x0000000000009ae9      0x863 FATFS/Target/user_diskio.o
 .debug_line    0x000000000000a34c      0x74b Middlewares/Third_Party/FatFs/src/diskio.o
 .debug_line    0x000000000000aa97     0x36f5 Middlewares/Third_Party/FatFs/src/ff.o
 .debug_line    0x000000000000e18c      0x768 Middlewares/Third_Party/FatFs/src/ff_gen_drv.o
 .debug_line    0x000000000000e8f4      0x74c Middlewares/Third_Party/FatFs/src/option/ccsbcs.o

.debug_str      0x0000000000000000    0xb5dd5
 .debug_str     0x0000000000000000    0xae0ed Core/Src/fatfs_sd.o
                                      0xae4bb (size before relaxing)
 .debug_str     0x00000000000ae0ed     0x4da6 Core/Src/main.o
                                      0xb3201 (size before relaxing)
 .debug_str     0x00000000000b2e93       0xab Core/Src/stm32f1xx_hal_msp.o
                                      0xae2bd (size before relaxing)
 .debug_str     0x00000000000b2f3e       0xbd Core/Src/stm32f1xx_it.o
                                      0xadd10 (size before relaxing)
 .debug_str     0x00000000000b2ffb      0x4e9 Core/Src/sysmem.o
                                       0x6269 (size before relaxing)
 .debug_str     0x00000000000b34e4       0x85 Core/Src/system_stm32f1xx.o
                                      0xadccc (size before relaxing)
 .debug_str     0x00000000000b3569       0x36 Core/Startup/startup_stm32f107vctx.o
                                         0x7d (size before relaxing)
 .debug_str     0x00000000000b359f      0x638 Drivers/STM32F1xx_HAL_Driver/Src/stm32f1xx_hal.o
                                      0xae41b (size before relaxing)
 .debug_str     0x00000000000b3bd7      0x300 Drivers/STM32F1xx_HAL_Driver/Src/stm32f1xx_hal_cortex.o
                                      0xae415 (size before relaxing)
 .debug_str     0x00000000000b3ed7      0x324 Drivers/STM32F1xx_HAL_Driver/Src/stm32f1xx_hal_gpio.o
                                      0xae063 (size before relaxing)
 .debug_str     0x00000000000b41fb      0x26a Drivers/STM32F1xx_HAL_Driver/Src/stm32f1xx_hal_rcc.o
                                      0xae109 (size before relaxing)
 .debug_str     0x00000000000b4465      0x549 Drivers/STM32F1xx_HAL_Driver/Src/stm32f1xx_hal_spi.o
                                      0xae5a3 (size before relaxing)
 .debug_str     0x00000000000b49ae      0x5e4 Drivers/STM32F1xx_HAL_Driver/Src/stm32f1xx_hal_uart.o
                                      0xae680 (size before relaxing)
 .debug_str     0x00000000000b4f92       0x2f FATFS/App/fatfs.o
                                      0xae580 (size before relaxing)
 .debug_str     0x00000000000b4fc1       0x6d FATFS/Target/user_diskio.o
                                      0xb1c10 (size before relaxing)
 .debug_str     0x00000000000b502e       0x52 Middlewares/Third_Party/FatFs/src/diskio.o
                                      0xae4b7 (size before relaxing)
 .debug_str     0x00000000000b5080      0xc49 Middlewares/Third_Party/FatFs/src/ff.o
                                      0xaf320 (size before relaxing)
 .debug_str     0x00000000000b5cc9       0xa2 Middlewares/Third_Party/FatFs/src/ff_gen_drv.o
                                      0xae508 (size before relaxing)
 .debug_str     0x00000000000b5d6b       0x6a Middlewares/Third_Party/FatFs/src/option/ccsbcs.o
                                      0xae2a8 (size before relaxing)

.comment        0x0000000000000000       0x53
 .comment       0x0000000000000000       0x53 Core/Src/fatfs_sd.o
                                         0x54 (size before relaxing)
 .comment       0x0000000000000053       0x54 Core/Src/main.o
 .comment       0x0000000000000053       0x54 Core/Src/stm32f1xx_hal_msp.o
 .comment       0x0000000000000053       0x54 Core/Src/stm32f1xx_it.o
 .comment       0x0000000000000053       0x54 Core/Src/sysmem.o
 .comment       0x0000000000000053       0x54 Core/Src/system_stm32f1xx.o
 .comment       0x0000000000000053       0x54 Drivers/STM32F1xx_HAL_Driver/Src/stm32f1xx_hal.o
 .comment       0x0000000000000053       0x54 Drivers/STM32F1xx_HAL_Driver/Src/stm32f1xx_hal_cortex.o
 .comment       0x0000000000000053       0x54 Drivers/STM32F1xx_HAL_Driver/Src/stm32f1xx_hal_gpio.o
 .comment       0x0000000000000053       0x54 Drivers/STM32F1xx_HAL_Driver/Src/stm32f1xx_hal_rcc.o
 .comment       0x0000000000000053       0x54 Drivers/STM32F1xx_HAL_Driver/Src/stm32f1xx_hal_spi.o
 .comment       0x0000000000000053       0x54 Drivers/STM32F1xx_HAL_Driver/Src/stm32f1xx_hal_uart.o
 .comment       0x0000000000000053       0x54 FATFS/App/fatfs.o
 .comment       0x0000000000000053       0x54 FATFS/Target/user_diskio.o
 .comment       0x0000000000000053       0x54 Middlewares/Third_Party/FatFs/src/diskio.o
 .comment       0x0000000000000053       0x54 Middlewares/Third_Party/FatFs/src/ff.o
 .comment       0x0000000000000053       0x54 Middlewares/Third_Party/FatFs/src/ff_gen_drv.o
 .comment       0x0000000000000053       0x54 Middlewares/Third_Party/FatFs/src/option/ccsbcs.o

.debug_frame    0x0000000000000000     0x34dc
 .debug_frame   0x0000000000000000      0x28c Core/Src/fatfs_sd.o
 .debug_frame   0x000000000000028c      0x15c Core/Src/main.o
 .debug_frame   0x00000000000003e8       0xc8 Core/Src/stm32f1xx_hal_msp.o
 .debug_frame   0x00000000000004b0      0x104 Core/Src/stm32f1xx_it.o
 .debug_frame   0x00000000000005b4       0x34 Core/Src/sysmem.o
 .debug_frame   0x00000000000005e8       0x58 Core/Src/system_stm32f1xx.o
 .debug_frame   0x0000000000000640      0x334 Drivers/STM32F1xx_HAL_Driver/Src/stm32f1xx_hal.o
 .debug_frame   0x0000000000000974      0x428 Drivers/STM32F1xx_HAL_Driver/Src/stm32f1xx_hal_cortex.o
 .debug_frame   0x0000000000000d9c      0x14c Drivers/STM32F1xx_HAL_Driver/Src/stm32f1xx_hal_gpio.o
 .debug_frame   0x0000000000000ee8      0x21c Drivers/STM32F1xx_HAL_Driver/Src/stm32f1xx_hal_rcc.o
 .debug_frame   0x0000000000001104      0x824 Drivers/STM32F1xx_HAL_Driver/Src/stm32f1xx_hal_spi.o
 .debug_frame   0x0000000000001928      0x914 Drivers/STM32F1xx_HAL_Driver/Src/stm32f1xx_hal_uart.o
 .debug_frame   0x000000000000223c       0x4c FATFS/App/fatfs.o
 .debug_frame   0x0000000000002288       0xc4 FATFS/Target/user_diskio.o
 .debug_frame   0x000000000000234c       0xec Middlewares/Third_Party/FatFs/src/diskio.o
 .debug_frame   0x0000000000002438      0x9b0 Middlewares/Third_Party/FatFs/src/ff.o
 .debug_frame   0x0000000000002de8       0xc8 Middlewares/Third_Party/FatFs/src/ff_gen_drv.o
 .debug_frame   0x0000000000002eb0       0x60 Middlewares/Third_Party/FatFs/src/option/ccsbcs.o
 .debug_frame   0x0000000000002f10       0x20 /opt/st/stm32cubeide_1.6.1/plugins/com.st.stm32cube.ide.mcu.externaltools.gnu-tools-for-stm32.9-2020-q2-update.linux64_1.5.0.202011040924/tools/bin/../lib/gcc/arm-none-eabi/9.3.1/../../../../arm-none-eabi/lib/thumb/v7-m/nofp/libc_nano.a(lib_a-errno.o)
 .debug_frame   0x0000000000002f30       0x2c /opt/st/stm32cubeide_1.6.1/plugins/com.st.stm32cube.ide.mcu.externaltools.gnu-tools-for-stm32.9-2020-q2-update.linux64_1.5.0.202011040924/tools/bin/../lib/gcc/arm-none-eabi/9.3.1/../../../../arm-none-eabi/lib/thumb/v7-m/nofp/libc_nano.a(lib_a-init.o)
 .debug_frame   0x0000000000002f5c       0x28 /opt/st/stm32cubeide_1.6.1/plugins/com.st.stm32cube.ide.mcu.externaltools.gnu-tools-for-stm32.9-2020-q2-update.linux64_1.5.0.202011040924/tools/bin/../lib/gcc/arm-none-eabi/9.3.1/../../../../arm-none-eabi/lib/thumb/v7-m/nofp/libc_nano.a(lib_a-memcpy-stub.o)
 .debug_frame   0x0000000000002f84       0x20 /opt/st/stm32cubeide_1.6.1/plugins/com.st.stm32cube.ide.mcu.externaltools.gnu-tools-for-stm32.9-2020-q2-update.linux64_1.5.0.202011040924/tools/bin/../lib/gcc/arm-none-eabi/9.3.1/../../../../arm-none-eabi/lib/thumb/v7-m/nofp/libc_nano.a(lib_a-memset.o)
 .debug_frame   0x0000000000002fa4       0x6c /opt/st/stm32cubeide_1.6.1/plugins/com.st.stm32cube.ide.mcu.externaltools.gnu-tools-for-stm32.9-2020-q2-update.linux64_1.5.0.202011040924/tools/bin/../lib/gcc/arm-none-eabi/9.3.1/../../../../arm-none-eabi/lib/thumb/v7-m/nofp/libc_nano.a(lib_a-sprintf.o)
 .debug_frame   0x0000000000003010       0x90 /opt/st/stm32cubeide_1.6.1/plugins/com.st.stm32cube.ide.mcu.externaltools.gnu-tools-for-stm32.9-2020-q2-update.linux64_1.5.0.202011040924/tools/bin/../lib/gcc/arm-none-eabi/9.3.1/../../../../arm-none-eabi/lib/thumb/v7-m/nofp/libc_nano.a(lib_a-nano-svfprintf.o)
 .debug_frame   0x00000000000030a0       0x60 /opt/st/stm32cubeide_1.6.1/plugins/com.st.stm32cube.ide.mcu.externaltools.gnu-tools-for-stm32.9-2020-q2-update.linux64_1.5.0.202011040924/tools/bin/../lib/gcc/arm-none-eabi/9.3.1/../../../../arm-none-eabi/lib/thumb/v7-m/nofp/libc_nano.a(lib_a-nano-vfprintf_i.o)
 .debug_frame   0x0000000000003100       0x28 /opt/st/stm32cubeide_1.6.1/plugins/com.st.stm32cube.ide.mcu.externaltools.gnu-tools-for-stm32.9-2020-q2-update.linux64_1.5.0.202011040924/tools/bin/../lib/gcc/arm-none-eabi/9.3.1/../../../../arm-none-eabi/lib/thumb/v7-m/nofp/libc_nano.a(lib_a-memchr-stub.o)
 .debug_frame   0x0000000000003128       0x28 /opt/st/stm32cubeide_1.6.1/plugins/com.st.stm32cube.ide.mcu.externaltools.gnu-tools-for-stm32.9-2020-q2-update.linux64_1.5.0.202011040924/tools/bin/../lib/gcc/arm-none-eabi/9.3.1/../../../../arm-none-eabi/lib/thumb/v7-m/nofp/libc_nano.a(lib_a-memmove.o)
 .debug_frame   0x0000000000003150       0x38 /opt/st/stm32cubeide_1.6.1/plugins/com.st.stm32cube.ide.mcu.externaltools.gnu-tools-for-stm32.9-2020-q2-update.linux64_1.5.0.202011040924/tools/bin/../lib/gcc/arm-none-eabi/9.3.1/../../../../arm-none-eabi/lib/thumb/v7-m/nofp/libc_nano.a(lib_a-nano-freer.o)
 .debug_frame   0x0000000000003188       0x30 /opt/st/stm32cubeide_1.6.1/plugins/com.st.stm32cube.ide.mcu.externaltools.gnu-tools-for-stm32.9-2020-q2-update.linux64_1.5.0.202011040924/tools/bin/../lib/gcc/arm-none-eabi/9.3.1/../../../../arm-none-eabi/lib/thumb/v7-m/nofp/libc_nano.a(lib_a-nano-mallocr.o)
 .debug_frame   0x00000000000031b8       0x3c /opt/st/stm32cubeide_1.6.1/plugins/com.st.stm32cube.ide.mcu.externaltools.gnu-tools-for-stm32.9-2020-q2-update.linux64_1.5.0.202011040924/tools/bin/../lib/gcc/arm-none-eabi/9.3.1/../../../../arm-none-eabi/lib/thumb/v7-m/nofp/libc_nano.a(lib_a-nano-reallocr.o)
 .debug_frame   0x00000000000031f4       0x2c /opt/st/stm32cubeide_1.6.1/plugins/com.st.stm32cube.ide.mcu.externaltools.gnu-tools-for-stm32.9-2020-q2-update.linux64_1.5.0.202011040924/tools/bin/../lib/gcc/arm-none-eabi/9.3.1/../../../../arm-none-eabi/lib/thumb/v7-m/nofp/libc_nano.a(lib_a-sbrkr.o)
 .debug_frame   0x0000000000003220       0x30 /opt/st/stm32cubeide_1.6.1/plugins/com.st.stm32cube.ide.mcu.externaltools.gnu-tools-for-stm32.9-2020-q2-update.linux64_1.5.0.202011040924/tools/bin/../lib/gcc/arm-none-eabi/9.3.1/../../../../arm-none-eabi/lib/thumb/v7-m/nofp/libc_nano.a(lib_a-mlock.o)
 .debug_frame   0x0000000000003250       0x20 /opt/st/stm32cubeide_1.6.1/plugins/com.st.stm32cube.ide.mcu.externaltools.gnu-tools-for-stm32.9-2020-q2-update.linux64_1.5.0.202011040924/tools/bin/../lib/gcc/arm-none-eabi/9.3.1/../../../../arm-none-eabi/lib/thumb/v7-m/nofp/libc_nano.a(lib_a-nano-msizer.o)
 .debug_frame   0x0000000000003270       0x5c /opt/st/stm32cubeide_1.6.1/plugins/com.st.stm32cube.ide.mcu.externaltools.gnu-tools-for-stm32.9-2020-q2-update.linux64_1.5.0.202011040924/tools/bin/../lib/gcc/arm-none-eabi/9.3.1/../../../../arm-none-eabi/lib/thumb/v7-m/nofp/libc_nano.a(lib_a-reent.o)
 .debug_frame   0x00000000000032cc       0xb0 /opt/st/stm32cubeide_1.6.1/plugins/com.st.stm32cube.ide.mcu.externaltools.gnu-tools-for-stm32.9-2020-q2-update.linux64_1.5.0.202011040924/tools/bin/../lib/gcc/arm-none-eabi/9.3.1/../../../../arm-none-eabi/lib/thumb/v7-m/nofp/libc_nano.a(lib_a-lock.o)
 .debug_frame   0x000000000000337c       0x30 /opt/st/stm32cubeide_1.6.1/plugins/com.st.stm32cube.ide.mcu.externaltools.gnu-tools-for-stm32.9-2020-q2-update.linux64_1.5.0.202011040924/tools/bin/../lib/gcc/arm-none-eabi/9.3.1/thumb/v7-m/nofp/libgcc.a(_arm_muldf3.o)
 .debug_frame   0x00000000000033ac       0xac /opt/st/stm32cubeide_1.6.1/plugins/com.st.stm32cube.ide.mcu.externaltools.gnu-tools-for-stm32.9-2020-q2-update.linux64_1.5.0.202011040924/tools/bin/../lib/gcc/arm-none-eabi/9.3.1/thumb/v7-m/nofp/libgcc.a(_arm_addsubdf3.o)
 .debug_frame   0x0000000000003458       0x24 /opt/st/stm32cubeide_1.6.1/plugins/com.st.stm32cube.ide.mcu.externaltools.gnu-tools-for-stm32.9-2020-q2-update.linux64_1.5.0.202011040924/tools/bin/../lib/gcc/arm-none-eabi/9.3.1/thumb/v7-m/nofp/libgcc.a(_arm_fixunsdfsi.o)
 .debug_frame   0x000000000000347c       0x2c /opt/st/stm32cubeide_1.6.1/plugins/com.st.stm32cube.ide.mcu.externaltools.gnu-tools-for-stm32.9-2020-q2-update.linux64_1.5.0.202011040924/tools/bin/../lib/gcc/arm-none-eabi/9.3.1/thumb/v7-m/nofp/libgcc.a(_aeabi_uldivmod.o)