21:21:26 **** Incremental Build of configuration Debug for project stm32f1-rtos-rtc ****
make -j8 all 
arm-none-eabi-gcc "../Core/Src/main.c" -mcpu=cortex-m3 -std=gnu11 -g3 -DDEBUG -DUSE_HAL_DRIVER -DSTM32F107xC -c -I../Core/Inc -I../Drivers/STM32F1xx_HAL_Driver/Inc -I../Drivers/STM32F1xx_HAL_Driver/Inc/Legacy -I../Drivers/CMSIS/Device/ST/STM32F1xx/Include -I../Drivers/CMSIS/Include -I../Middlewares/Third_Party/FreeRTOS/Source/include -I../Middlewares/Third_Party/FreeRTOS/Source/CMSIS_RTOS -I../Middlewares/Third_Party/FreeRTOS/Source/portable/GCC/ARM_CM3 -I/home/tien/wp/github/stm32cubeide/stm32f1-rtos-rtc/UserLib -O0 -ffunction-sections -fdata-sections -Wall -fstack-usage -MMD -MP -MF"Core/Src/main.d" -MT"Core/Src/main.o" --specs=nano.specs -mfloat-abi=soft -mthumb -o "Core/Src/main.o"
../Core/Src/main.c: In function 'rtc_entry':
../Core/Src/main.c:290:10: warning: unused variable 'zone_min' [-Wunused-variable]
  290 |  uint8_t zone_min = DS1307_GetTimeZoneMin();
      |          ^~~~~~~~
../Core/Src/main.c:289:9: warning: unused variable 'zone_hr' [-Wunused-variable]
  289 |  int8_t zone_hr = DS1307_GetTimeZoneHour();
      |         ^~~~~~~
../Core/Src/main.c:288:10: warning: unused variable 'second' [-Wunused-variable]
  288 |  uint8_t second = DS1307_GetSecond();
      |          ^~~~~~
../Core/Src/main.c:287:10: warning: unused variable 'minute' [-Wunused-variable]
  287 |  uint8_t minute = DS1307_GetMinute();
      |          ^~~~~~
../Core/Src/main.c:286:10: warning: unused variable 'hour' [-Wunused-variable]
  286 |  uint8_t hour = DS1307_GetHour();
      |          ^~~~
../Core/Src/main.c:285:10: warning: unused variable 'dow' [-Wunused-variable]
  285 |  uint8_t dow = DS1307_GetDayOfWeek();
      |          ^~~
../Core/Src/main.c:284:11: warning: unused variable 'year' [-Wunused-variable]
  284 |  uint16_t year = DS1307_GetYear();
      |           ^~~~
../Core/Src/main.c:283:10: warning: unused variable 'month' [-Wunused-variable]
  283 |  uint8_t month = DS1307_GetMonth();
      |          ^~~~~
../Core/Src/main.c:282:10: warning: unused variable 'date' [-Wunused-variable]
  282 |  uint8_t date = DS1307_GetDate();
      |          ^~~~
arm-none-eabi-gcc -o "stm32f1-rtos-rtc.elf" @"objects.list"   -mcpu=cortex-m3 -T"/home/tien/wp/github/stm32cubeide/stm32f1-rtos-rtc/STM32F107VCTX_FLASH.ld" --specs=nosys.specs -Wl,-Map="stm32f1-rtos-rtc.map" -Wl,--gc-sections -static --specs=nano.specs -mfloat-abi=soft -mthumb -Wl,--start-group -lc -lm -Wl,--end-group
Finished building target: stm32f1-rtos-rtc.elf
 
arm-none-eabi-objdump -h -S  stm32f1-rtos-rtc.elf  > "stm32f1-rtos-rtc.list"
arm-none-eabi-objcopy  -O binary  stm32f1-rtos-rtc.elf  "stm32f1-rtos-rtc.bin"
arm-none-eabi-size   stm32f1-rtos-rtc.elf 
   text	   data	    bss	    dec	    hex	filename
  16816	     24	   6688	  23528	   5be8	stm32f1-rtos-rtc.elf
Finished building: default.size.stdout
 
Finished building: stm32f1-rtos-rtc.bin
 
Finished building: stm32f1-rtos-rtc.list
 

21:21:27 Build Finished. 0 errors, 9 warnings. (took 371ms)

